main.c:104:6:playNote	16	static
main.c:113:6:stopNote	16	static
main.c:122:6:setLed	16	static
main.c:128:6:clrLed	16	static
main.c:134:6:isLedOn	16	static
main.c:142:6:clrAll	24	static
main.c:152:6:writeDisplay	32	static
main.c:161:6:readButton	40	static
main.c:175:6:updateMatrix	16	static
main.c:201:5:main	24	static
main.c:292:6:SystemClock_Config	96	static
main.c:339:6:PeriphCommonClock_Config	144	static
main.c:366:13:MX_ADC3_Init	32	static
main.c:422:13:MX_I2C1_Init	8	static
main.c:468:13:MX_SDMMC1_SD_Init	4	static
main.c:496:13:MX_SPI2_Init	8	static
main.c:536:13:MX_USART2_UART_Init	8	static
main.c:571:13:MX_GPIO_Init	48	static
main.c:618:6:Error_Handler	4	static,ignoring_inline_asm
