Archive member included to satisfy reference by file (symbol)

c:/st/stm32cubeide_1.7.0/stm32cubeide/plugins/com.st.stm32cube.ide.mcu.externaltools.gnu-tools-for-stm32.9-2020-q2-update.win32_2.0.0.202105311346/tools/bin/../lib/gcc/arm-none-eabi/9.3.1/../../../../arm-none-eabi/lib/thumb/v7e-m+fp/hard\libc_nano.a(lib_a-errno.o)
                              ./Core/Src/syscalls.o (__errno)
c:/st/stm32cubeide_1.7.0/stm32cubeide/plugins/com.st.stm32cube.ide.mcu.externaltools.gnu-tools-for-stm32.9-2020-q2-update.win32_2.0.0.202105311346/tools/bin/../lib/gcc/arm-none-eabi/9.3.1/../../../../arm-none-eabi/lib/thumb/v7e-m+fp/hard\libc_nano.a(lib_a-exit.o)
                              c:/st/stm32cubeide_1.7.0/stm32cubeide/plugins/com.st.stm32cube.ide.mcu.externaltools.gnu-tools-for-stm32.9-2020-q2-update.win32_2.0.0.202105311346/tools/bin/../lib/gcc/arm-none-eabi/9.3.1/../../../../arm-none-eabi/lib/thumb/v7e-m+fp/hard/crt0.o (exit)
c:/st/stm32cubeide_1.7.0/stm32cubeide/plugins/com.st.stm32cube.ide.mcu.externaltools.gnu-tools-for-stm32.9-2020-q2-update.win32_2.0.0.202105311346/tools/bin/../lib/gcc/arm-none-eabi/9.3.1/../../../../arm-none-eabi/lib/thumb/v7e-m+fp/hard\libc_nano.a(lib_a-impure.o)
                              c:/st/stm32cubeide_1.7.0/stm32cubeide/plugins/com.st.stm32cube.ide.mcu.externaltools.gnu-tools-for-stm32.9-2020-q2-update.win32_2.0.0.202105311346/tools/bin/../lib/gcc/arm-none-eabi/9.3.1/../../../../arm-none-eabi/lib/thumb/v7e-m+fp/hard\libc_nano.a(lib_a-exit.o) (_global_impure_ptr)
c:/st/stm32cubeide_1.7.0/stm32cubeide/plugins/com.st.stm32cube.ide.mcu.externaltools.gnu-tools-for-stm32.9-2020-q2-update.win32_2.0.0.202105311346/tools/bin/../lib/gcc/arm-none-eabi/9.3.1/../../../../arm-none-eabi/lib/thumb/v7e-m+fp/hard\libc_nano.a(lib_a-init.o)
                              c:/st/stm32cubeide_1.7.0/stm32cubeide/plugins/com.st.stm32cube.ide.mcu.externaltools.gnu-tools-for-stm32.9-2020-q2-update.win32_2.0.0.202105311346/tools/bin/../lib/gcc/arm-none-eabi/9.3.1/../../../../arm-none-eabi/lib/thumb/v7e-m+fp/hard/crt0.o (__libc_init_array)
c:/st/stm32cubeide_1.7.0/stm32cubeide/plugins/com.st.stm32cube.ide.mcu.externaltools.gnu-tools-for-stm32.9-2020-q2-update.win32_2.0.0.202105311346/tools/bin/../lib/gcc/arm-none-eabi/9.3.1/../../../../arm-none-eabi/lib/thumb/v7e-m+fp/hard\libc_nano.a(lib_a-memset.o)
                              c:/st/stm32cubeide_1.7.0/stm32cubeide/plugins/com.st.stm32cube.ide.mcu.externaltools.gnu-tools-for-stm32.9-2020-q2-update.win32_2.0.0.202105311346/tools/bin/../lib/gcc/arm-none-eabi/9.3.1/../../../../arm-none-eabi/lib/thumb/v7e-m+fp/hard/crt0.o (memset)
c:/st/stm32cubeide_1.7.0/stm32cubeide/plugins/com.st.stm32cube.ide.mcu.externaltools.gnu-tools-for-stm32.9-2020-q2-update.win32_2.0.0.202105311346/tools/bin/../lib/gcc/arm-none-eabi/9.3.1/thumb/v7e-m+fp/hard\libgcc.a(_aeabi_uldivmod.o)
                              ./Drivers/STM32L4xx_HAL_Driver/Src/stm32l4xx_hal_uart.o (__aeabi_uldivmod)
c:/st/stm32cubeide_1.7.0/stm32cubeide/plugins/com.st.stm32cube.ide.mcu.externaltools.gnu-tools-for-stm32.9-2020-q2-update.win32_2.0.0.202105311346/tools/bin/../lib/gcc/arm-none-eabi/9.3.1/thumb/v7e-m+fp/hard\libgcc.a(_udivmoddi4.o)
                              c:/st/stm32cubeide_1.7.0/stm32cubeide/plugins/com.st.stm32cube.ide.mcu.externaltools.gnu-tools-for-stm32.9-2020-q2-update.win32_2.0.0.202105311346/tools/bin/../lib/gcc/arm-none-eabi/9.3.1/thumb/v7e-m+fp/hard\libgcc.a(_aeabi_uldivmod.o) (__udivmoddi4)
c:/st/stm32cubeide_1.7.0/stm32cubeide/plugins/com.st.stm32cube.ide.mcu.externaltools.gnu-tools-for-stm32.9-2020-q2-update.win32_2.0.0.202105311346/tools/bin/../lib/gcc/arm-none-eabi/9.3.1/thumb/v7e-m+fp/hard\libgcc.a(_dvmd_tls.o)
                              c:/st/stm32cubeide_1.7.0/stm32cubeide/plugins/com.st.stm32cube.ide.mcu.externaltools.gnu-tools-for-stm32.9-2020-q2-update.win32_2.0.0.202105311346/tools/bin/../lib/gcc/arm-none-eabi/9.3.1/thumb/v7e-m+fp/hard\libgcc.a(_aeabi_uldivmod.o) (__aeabi_ldiv0)

Allocating common symbols
Common symbol       size              file

retSD               0x1               ./FATFS/App/fatfs.o
hspi2               0x64              ./Core/Src/main.o
hi2c1               0x4c              ./Core/Src/main.o
hsd1                0x84              ./Core/Src/main.o
uwTick              0x4               ./Drivers/STM32L4xx_HAL_Driver/Src/stm32l4xx_hal.o
hadc3               0x64              ./Core/Src/main.o
SDPath              0x4               ./FATFS/App/fatfs.o
huart2              0x84              ./Core/Src/main.o
SDFile              0x230             ./FATFS/App/fatfs.o
SDFatFS             0x230             ./FATFS/App/fatfs.o

Discarded input sections

 .text          0x0000000000000000        0x0 c:/st/stm32cubeide_1.7.0/stm32cubeide/plugins/com.st.stm32cube.ide.mcu.externaltools.gnu-tools-for-stm32.9-2020-q2-update.win32_2.0.0.202105311346/tools/bin/../lib/gcc/arm-none-eabi/9.3.1/thumb/v7e-m+fp/hard/crti.o
[...]
Memory Configuration

Name             Origin             Length             Attributes
RAM              0x0000000020000000 0x0000000000018000 xrw
RAM2             0x0000000010000000 0x0000000000008000 xrw
FLASH            0x0000000008000000 0x0000000000100000 xr
*default*        0x0000000000000000 0xffffffffffffffff

Linker script and memory map

LOAD c:/st/stm32cubeide_1.7.0/stm32cubeide/plugins/com.st.stm32cube.ide.mcu.externaltools.gnu-tools-for-stm32.9-2020-q2-update.win32_2.0.0.202105311346/tools/bin/../lib/gcc/arm-none-eabi/9.3.1/thumb/v7e-m+fp/hard/crti.o
LOAD c:/st/stm32cubeide_1.7.0/stm32cubeide/plugins/com.st.stm32cube.ide.mcu.externaltools.gnu-tools-for-stm32.9-2020-q2-update.win32_2.0.0.202105311346/tools/bin/../lib/gcc/arm-none-eabi/9.3.1/thumb/v7e-m+fp/hard/crtbegin.o
LOAD c:/st/stm32cubeide_1.7.0/stm32cubeide/plugins/com.st.stm32cube.ide.mcu.externaltools.gnu-tools-for-stm32.9-2020-q2-update.win32_2.0.0.202105311346/tools/bin/../lib/gcc/arm-none-eabi/9.3.1/../../../../arm-none-eabi/lib/thumb/v7e-m+fp/hard/crt0.o
LOAD ./Core/Src/main.o
LOAD ./Core/Src/stm32l4xx_hal_msp.o
LOAD ./Core/Src/stm32l4xx_it.o
LOAD ./Core/Src/syscalls.o
LOAD ./Core/Src/sysmem.o
LOAD ./Core/Src/system_stm32l4xx.o
LOAD ./Core/Startup/startup_stm32l476rgtx.o
LOAD ./Drivers/STM32L4xx_HAL_Driver/Src/stm32l4xx_hal.o
LOAD ./Drivers/STM32L4xx_HAL_Driver/Src/stm32l4xx_hal_adc.o
LOAD ./Drivers/STM32L4xx_HAL_Driver/Src/stm32l4xx_hal_adc_ex.o
LOAD ./Drivers/STM32L4xx_HAL_Driver/Src/stm32l4xx_hal_cortex.o
LOAD ./Drivers/STM32L4xx_HAL_Driver/Src/stm32l4xx_hal_dma.o
LOAD ./Drivers/STM32L4xx_HAL_Driver/Src/stm32l4xx_hal_dma_ex.o
LOAD ./Drivers/STM32L4xx_HAL_Driver/Src/stm32l4xx_hal_exti.o
LOAD ./Drivers/STM32L4xx_HAL_Driver/Src/stm32l4xx_hal_flash.o
LOAD ./Drivers/STM32L4xx_HAL_Driver/Src/stm32l4xx_hal_flash_ex.o
LOAD ./Drivers/STM32L4xx_HAL_Driver/Src/stm32l4xx_hal_flash_ramfunc.o
LOAD ./Drivers/STM32L4xx_HAL_Driver/Src/stm32l4xx_hal_gpio.o
LOAD ./Drivers/STM32L4xx_HAL_Driver/Src/stm32l4xx_hal_i2c.o
LOAD ./Drivers/STM32L4xx_HAL_Driver/Src/stm32l4xx_hal_i2c_ex.o
LOAD ./Drivers/STM32L4xx_HAL_Driver/Src/stm32l4xx_hal_pwr.o
LOAD ./Drivers/STM32L4xx_HAL_Driver/Src/stm32l4xx_hal_pwr_ex.o
LOAD ./Drivers/STM32L4xx_HAL_Driver/Src/stm32l4xx_hal_rcc.o
LOAD ./Drivers/STM32L4xx_HAL_Driver/Src/stm32l4xx_hal_rcc_ex.o
LOAD ./Drivers/STM32L4xx_HAL_Driver/Src/stm32l4xx_hal_sd.o
LOAD ./Drivers/STM32L4xx_HAL_Driver/Src/stm32l4xx_hal_sd_ex.o
LOAD ./Drivers/STM32L4xx_HAL_Driver/Src/stm32l4xx_hal_spi.o
LOAD ./Drivers/STM32L4xx_HAL_Driver/Src/stm32l4xx_hal_spi_ex.o
LOAD ./Drivers/STM32L4xx_HAL_Driver/Src/stm32l4xx_hal_tim.o
LOAD ./Drivers/STM32L4xx_HAL_Driver/Src/stm32l4xx_hal_tim_ex.o
LOAD ./Drivers/STM32L4xx_HAL_Driver/Src/stm32l4xx_hal_uart.o
LOAD ./Drivers/STM32L4xx_HAL_Driver/Src/stm32l4xx_hal_uart_ex.o
LOAD ./Drivers/STM32L4xx_HAL_Driver/Src/stm32l4xx_ll_sdmmc.o
LOAD ./FATFS/App/fatfs.o
LOAD ./FATFS/Target/bsp_driver_sd.o
LOAD ./FATFS/Target/sd_diskio.o
LOAD ./Middlewares/Third_Party/FatFs/src/diskio.o
LOAD ./Middlewares/Third_Party/FatFs/src/ff.o
LOAD ./Middlewares/Third_Party/FatFs/src/ff_gen_drv.o
LOAD ./Middlewares/Third_Party/FatFs/src/option/syscall.o
START GROUP
LOAD c:/st/stm32cubeide_1.7.0/stm32cubeide/plugins/com.st.stm32cube.ide.mcu.externaltools.gnu-tools-for-stm32.9-2020-q2-update.win32_2.0.0.202105311346/tools/bin/../lib/gcc/arm-none-eabi/9.3.1/../../../../arm-none-eabi/lib/thumb/v7e-m+fp/hard\libstdc++_nano.a
LOAD c:/st/stm32cubeide_1.7.0/stm32cubeide/plugins/com.st.stm32cube.ide.mcu.externaltools.gnu-tools-for-stm32.9-2020-q2-update.win32_2.0.0.202105311346/tools/bin/../lib/gcc/arm-none-eabi/9.3.1/../../../../arm-none-eabi/lib/thumb/v7e-m+fp/hard\libsupc++_nano.a
END GROUP
LOAD c:/st/stm32cubeide_1.7.0/stm32cubeide/plugins/com.st.stm32cube.ide.mcu.externaltools.gnu-tools-for-stm32.9-2020-q2-update.win32_2.0.0.202105311346/tools/bin/../lib/gcc/arm-none-eabi/9.3.1/../../../../arm-none-eabi/lib/thumb/v7e-m+fp/hard\libstdc++_nano.a
LOAD c:/st/stm32cubeide_1.7.0/stm32cubeide/plugins/com.st.stm32cube.ide.mcu.externaltools.gnu-tools-for-stm32.9-2020-q2-update.win32_2.0.0.202105311346/tools/bin/../lib/gcc/arm-none-eabi/9.3.1/../../../../arm-none-eabi/lib/thumb/v7e-m+fp/hard\libm.a
LOAD c:/st/stm32cubeide_1.7.0/stm32cubeide/plugins/com.st.stm32cube.ide.mcu.externaltools.gnu-tools-for-stm32.9-2020-q2-update.win32_2.0.0.202105311346/tools/bin/../lib/gcc/arm-none-eabi/9.3.1/../../../../arm-none-eabi/lib/thumb/v7e-m+fp/hard\libc_nano.a
START GROUP
LOAD c:/st/stm32cubeide_1.7.0/stm32cubeide/plugins/com.st.stm32cube.ide.mcu.externaltools.gnu-tools-for-stm32.9-2020-q2-update.win32_2.0.0.202105311346/tools/bin/../lib/gcc/arm-none-eabi/9.3.1/thumb/v7e-m+fp/hard\libgcc.a
LOAD c:/st/stm32cubeide_1.7.0/stm32cubeide/plugins/com.st.stm32cube.ide.mcu.externaltools.gnu-tools-for-stm32.9-2020-q2-update.win32_2.0.0.202105311346/tools/bin/../lib/gcc/arm-none-eabi/9.3.1/../../../../arm-none-eabi/lib/thumb/v7e-m+fp/hard\libc_nano.a
END GROUP
START GROUP
LOAD c:/st/stm32cubeide_1.7.0/stm32cubeide/plugins/com.st.stm32cube.ide.mcu.externaltools.gnu-tools-for-stm32.9-2020-q2-update.win32_2.0.0.202105311346/tools/bin/../lib/gcc/arm-none-eabi/9.3.1/thumb/v7e-m+fp/hard\libgcc.a
LOAD c:/st/stm32cubeide_1.7.0/stm32cubeide/plugins/com.st.stm32cube.ide.mcu.externaltools.gnu-tools-for-stm32.9-2020-q2-update.win32_2.0.0.202105311346/tools/bin/../lib/gcc/arm-none-eabi/9.3.1/../../../../arm-none-eabi/lib/thumb/v7e-m+fp/hard\libc_nano.a
LOAD c:/st/stm32cubeide_1.7.0/stm32cubeide/plugins/com.st.stm32cube.ide.mcu.externaltools.gnu-tools-for-stm32.9-2020-q2-update.win32_2.0.0.202105311346/tools/bin/../lib/gcc/arm-none-eabi/9.3.1/../../../../arm-none-eabi/lib/thumb/v7e-m+fp/hard\libnosys.a
END GROUP
START GROUP
LOAD c:/st/stm32cubeide_1.7.0/stm32cubeide/plugins/com.st.stm32cube.ide.mcu.externaltools.gnu-tools-for-stm32.9-2020-q2-update.win32_2.0.0.202105311346/tools/bin/../lib/gcc/arm-none-eabi/9.3.1/thumb/v7e-m+fp/hard\libgcc.a
LOAD c:/st/stm32cubeide_1.7.0/stm32cubeide/plugins/com.st.stm32cube.ide.mcu.externaltools.gnu-tools-for-stm32.9-2020-q2-update.win32_2.0.0.202105311346/tools/bin/../lib/gcc/arm-none-eabi/9.3.1/../../../../arm-none-eabi/lib/thumb/v7e-m+fp/hard\libc_nano.a
LOAD c:/st/stm32cubeide_1.7.0/stm32cubeide/plugins/com.st.stm32cube.ide.mcu.externaltools.gnu-tools-for-stm32.9-2020-q2-update.win32_2.0.0.202105311346/tools/bin/../lib/gcc/arm-none-eabi/9.3.1/../../../../arm-none-eabi/lib/thumb/v7e-m+fp/hard\libnosys.a
END GROUP
LOAD c:/st/stm32cubeide_1.7.0/stm32cubeide/plugins/com.st.stm32cube.ide.mcu.externaltools.gnu-tools-for-stm32.9-2020-q2-update.win32_2.0.0.202105311346/tools/bin/../lib/gcc/arm-none-eabi/9.3.1/thumb/v7e-m+fp/hard/crtend.o
LOAD c:/st/stm32cubeide_1.7.0/stm32cubeide/plugins/com.st.stm32cube.ide.mcu.externaltools.gnu-tools-for-stm32.9-2020-q2-update.win32_2.0.0.202105311346/tools/bin/../lib/gcc/arm-none-eabi/9.3.1/thumb/v7e-m+fp/hard/crtn.o
                0x0000000020018000                _estack = (ORIGIN (RAM) + LENGTH (RAM))
                0x0000000000000200                _Min_Heap_Size = 0x200
                0x0000000000000400                _Min_Stack_Size = 0x400

.isr_vector     0x0000000008000000      0x188
                0x0000000008000000                . = ALIGN (0x4)
 *(.isr_vector)
 .isr_vector    0x0000000008000000      0x188 ./Core/Startup/startup_stm32l476rgtx.o
                0x0000000008000000                g_pfnVectors
                0x0000000008000188                . = ALIGN (0x4)

.text           0x0000000008000188     0x7c9c
                0x0000000008000188                . = ALIGN (0x4)
 *(.text)
 .text          0x0000000008000188       0x40 c:/st/stm32cubeide_1.7.0/stm32cubeide/plugins/com.st.stm32cube.ide.mcu.externaltools.gnu-tools-for-stm32.9-2020-q2-update.win32_2.0.0.202105311346/tools/bin/../lib/gcc/arm-none-eabi/9.3.1/thumb/v7e-m+fp/hard/crtbegin.o
 .text          0x00000000080001c8       0x30 c:/st/stm32cubeide_1.7.0/stm32cubeide/plugins/com.st.stm32cube.ide.mcu.externaltools.gnu-tools-for-stm32.9-2020-q2-update.win32_2.0.0.202105311346/tools/bin/../lib/gcc/arm-none-eabi/9.3.1/thumb/v7e-m+fp/hard\libgcc.a(_aeabi_uldivmod.o)
                0x00000000080001c8                __aeabi_uldivmod
 .text          0x00000000080001f8      0x2c4 c:/st/stm32cubeide_1.7.0/stm32cubeide/plugins/com.st.stm32cube.ide.mcu.externaltools.gnu-tools-for-stm32.9-2020-q2-update.win32_2.0.0.202105311346/tools/bin/../lib/gcc/arm-none-eabi/9.3.1/thumb/v7e-m+fp/hard\libgcc.a(_udivmoddi4.o)
                0x00000000080001f8                __udivmoddi4
 .text          0x00000000080004bc        0x4 c:/st/stm32cubeide_1.7.0/stm32cubeide/plugins/com.st.stm32cube.ide.mcu.externaltools.gnu-tools-for-stm32.9-2020-q2-update.win32_2.0.0.202105311346/tools/bin/../lib/gcc/arm-none-eabi/9.3.1/thumb/v7e-m+fp/hard\libgcc.a(_dvmd_tls.o)
                0x00000000080004bc                __aeabi_idiv0
                0x00000000080004bc                __aeabi_ldiv0
 *(.text*)
 .text.playNote
                0x00000000080004c0       0x1c ./Core/Src/main.o
                0x00000000080004c0                playNote
 .text.stopNote
                0x00000000080004dc       0x1c ./Core/Src/main.o
                0x00000000080004dc                stopNote
 .text.setLed   0x00000000080004f8       0x7c ./Core/Src/main.o
                0x00000000080004f8                setLed
 .text.clrLed   0x0000000008000574       0x80 ./Core/Src/main.o
                0x0000000008000574                clrLed
 .text.isLedOn  0x00000000080005f4       0x58 ./Core/Src/main.o
                0x00000000080005f4                isLedOn
 .text.clrAll   0x000000000800064c       0x60 ./Core/Src/main.o
                0x000000000800064c                clrAll
 .text.writeDisplay
                0x00000000080006ac       0x68 ./Core/Src/main.o
                0x00000000080006ac                writeDisplay
 .text.readButton
                0x0000000008000714       0x98 ./Core/Src/main.o
                0x0000000008000714                readButton
 .text.updateMatrix
                0x00000000080007ac       0xfc ./Core/Src/main.o
                0x00000000080007ac                updateMatrix
 .text.main     0x00000000080008a8      0x1a0 ./Core/Src/main.o
                0x00000000080008a8                main
 .text.SystemClock_Config
                0x0000000008000a48       0xa2 ./Core/Src/main.o
                0x0000000008000a48                SystemClock_Config
 .text.PeriphCommonClock_Config
                0x0000000008000aea       0x5c ./Core/Src/main.o
                0x0000000008000aea                PeriphCommonClock_Config
 *fill*         0x0000000008000b46        0x2 
 .text.MX_ADC3_Init
                0x0000000008000b48       0xc8 ./Core/Src/main.o
 .text.MX_I2C1_Init
                0x0000000008000c10       0x80 ./Core/Src/main.o
 .text.MX_SDMMC1_SD_Init
                0x0000000008000c90       0x40 ./Core/Src/main.o
 .text.MX_SPI2_Init
                0x0000000008000cd0       0x7c ./Core/Src/main.o
 .text.MX_USART2_UART_Init
                0x0000000008000d4c       0x60 ./Core/Src/main.o
 .text.MX_GPIO_Init
                0x0000000008000dac      0x11c ./Core/Src/main.o
 .text.Error_Handler
                0x0000000008000ec8        0xa ./Core/Src/main.o
                0x0000000008000ec8                Error_Handler
 *fill*         0x0000000008000ed2        0x2 
 .text.HAL_MspInit
                0x0000000008000ed4       0x48 ./Core/Src/stm32l4xx_hal_msp.o
                0x0000000008000ed4                HAL_MspInit
 .text.HAL_ADC_MspInit
                0x0000000008000f1c       0x80 ./Core/Src/stm32l4xx_hal_msp.o
                0x0000000008000f1c                HAL_ADC_MspInit
 .text.HAL_I2C_MspInit
                0x0000000008000f9c       0xbc ./Core/Src/stm32l4xx_hal_msp.o
                0x0000000008000f9c                HAL_I2C_MspInit
 .text.HAL_SD_MspInit
                0x0000000008001058       0xc4 ./Core/Src/stm32l4xx_hal_msp.o
                0x0000000008001058                HAL_SD_MspInit
 .text.HAL_SPI_MspInit
                0x000000000800111c       0xc4 ./Core/Src/stm32l4xx_hal_msp.o
                0x000000000800111c                HAL_SPI_MspInit
 .text.HAL_UART_MspInit
                0x00000000080011e0       0xb8 ./Core/Src/stm32l4xx_hal_msp.o
                0x00000000080011e0                HAL_UART_MspInit
 .text.NMI_Handler
                0x0000000008001298        0x6 ./Core/Src/stm32l4xx_it.o
                0x0000000008001298                NMI_Handler
 .text.HardFault_Handler
                0x000000000800129e        0x6 ./Core/Src/stm32l4xx_it.o
                0x000000000800129e                HardFault_Handler
 .text.MemManage_Handler
                0x00000000080012a4        0x6 ./Core/Src/stm32l4xx_it.o
                0x00000000080012a4                MemManage_Handler
 .text.BusFault_Handler
                0x00000000080012aa        0x6 ./Core/Src/stm32l4xx_it.o
                0x00000000080012aa                BusFault_Handler
 .text.UsageFault_Handler
                0x00000000080012b0        0x6 ./Core/Src/stm32l4xx_it.o
                0x00000000080012b0                UsageFault_Handler
 .text.SVC_Handler
                0x00000000080012b6        0xe ./Core/Src/stm32l4xx_it.o
                0x00000000080012b6                SVC_Handler
 .text.DebugMon_Handler
                0x00000000080012c4        0xe ./Core/Src/stm32l4xx_it.o
                0x00000000080012c4                DebugMon_Handler
 .text.PendSV_Handler
                0x00000000080012d2        0xe ./Core/Src/stm32l4xx_it.o
                0x00000000080012d2                PendSV_Handler
 .text.SysTick_Handler
                0x00000000080012e0        0xc ./Core/Src/stm32l4xx_it.o
                0x00000000080012e0                SysTick_Handler
 .text.EXTI15_10_IRQHandler
                0x00000000080012ec       0x18 ./Core/Src/stm32l4xx_it.o
                0x00000000080012ec                EXTI15_10_IRQHandler
 .text.SystemInit
                0x0000000008001304       0x64 ./Core/Src/system_stm32l4xx.o
                0x0000000008001304                SystemInit
 .text.Reset_Handler
                0x0000000008001368       0x50 ./Core/Startup/startup_stm32l476rgtx.o
                0x0000000008001368                Reset_Handler
 .text.Default_Handler
                0x00000000080013b8        0x2 ./Core/Startup/startup_stm32l476rgtx.o
                0x00000000080013b8                RTC_Alarm_IRQHandler
                0x00000000080013b8                EXTI2_IRQHandler
                0x00000000080013b8                TIM8_TRG_COM_IRQHandler
                0x00000000080013b8                TIM8_CC_IRQHandler
                0x00000000080013b8                TIM1_CC_IRQHandler
                0x00000000080013b8                TSC_IRQHandler
                0x00000000080013b8                TAMP_STAMP_IRQHandler
                0x00000000080013b8                EXTI3_IRQHandler
                0x00000000080013b8                LPTIM2_IRQHandler
                0x00000000080013b8                DFSDM1_FLT1_IRQHandler
                0x00000000080013b8                I2C3_ER_IRQHandler
                0x00000000080013b8                DFSDM1_FLT2_IRQHandler
                0x00000000080013b8                EXTI0_IRQHandler
                0x00000000080013b8                I2C2_EV_IRQHandler
                0x00000000080013b8                CAN1_RX0_IRQHandler
                0x00000000080013b8                FPU_IRQHandler
                0x00000000080013b8                TIM1_UP_TIM16_IRQHandler
                0x00000000080013b8                ADC1_2_IRQHandler
                0x00000000080013b8                SPI1_IRQHandler
                0x00000000080013b8                TIM6_DAC_IRQHandler
                0x00000000080013b8                TIM8_UP_IRQHandler
                0x00000000080013b8                DMA2_Channel2_IRQHandler
                0x00000000080013b8                DMA1_Channel4_IRQHandler
                0x00000000080013b8                SAI2_IRQHandler
                0x00000000080013b8                DFSDM1_FLT3_IRQHandler
                0x00000000080013b8                USART3_IRQHandler
                0x00000000080013b8                DMA1_Channel7_IRQHandler
                0x00000000080013b8                CAN1_RX1_IRQHandler
                0x00000000080013b8                LCD_IRQHandler
                0x00000000080013b8                UART5_IRQHandler
                0x00000000080013b8                ADC3_IRQHandler
                0x00000000080013b8                TIM4_IRQHandler
                0x00000000080013b8                DMA2_Channel1_IRQHandler
                0x00000000080013b8                QUADSPI_IRQHandler
                0x00000000080013b8                I2C1_EV_IRQHandler
                0x00000000080013b8                DMA1_Channel6_IRQHandler
                0x00000000080013b8                UART4_IRQHandler
                0x00000000080013b8                DMA2_Channel4_IRQHandler
                0x00000000080013b8                TIM3_IRQHandler
                0x00000000080013b8                RCC_IRQHandler
                0x00000000080013b8                DMA1_Channel1_IRQHandler
                0x00000000080013b8                Default_Handler
                0x00000000080013b8                DMA2_Channel7_IRQHandler
                0x00000000080013b8                TIM7_IRQHandler
                0x00000000080013b8                SDMMC1_IRQHandler
                0x00000000080013b8                TIM5_IRQHandler
                0x00000000080013b8                I2C3_EV_IRQHandler
                0x00000000080013b8                EXTI9_5_IRQHandler
                0x00000000080013b8                RTC_WKUP_IRQHandler
                0x00000000080013b8                PVD_PVM_IRQHandler
                0x00000000080013b8                SPI2_IRQHandler
                0x00000000080013b8                CAN1_TX_IRQHandler
                0x00000000080013b8                DMA2_Channel5_IRQHandler
                0x00000000080013b8                DMA1_Channel5_IRQHandler
                0x00000000080013b8                EXTI4_IRQHandler
                0x00000000080013b8                RNG_IRQHandler
                0x00000000080013b8                TIM1_TRG_COM_TIM17_IRQHandler
                0x00000000080013b8                DMA1_Channel3_IRQHandler
                0x00000000080013b8                COMP_IRQHandler
                0x00000000080013b8                WWDG_IRQHandler
                0x00000000080013b8                LPUART1_IRQHandler
                0x00000000080013b8                DMA2_Channel6_IRQHandler
                0x00000000080013b8                TIM2_IRQHandler
                0x00000000080013b8                EXTI1_IRQHandler
                0x00000000080013b8                USART2_IRQHandler
                0x00000000080013b8                DFSDM1_FLT0_IRQHandler
                0x00000000080013b8                I2C2_ER_IRQHandler
                0x00000000080013b8                DMA1_Channel2_IRQHandler
                0x00000000080013b8                TIM8_BRK_IRQHandler
                0x00000000080013b8                CAN1_SCE_IRQHandler
                0x00000000080013b8                FLASH_IRQHandler
                0x00000000080013b8                USART1_IRQHandler
                0x00000000080013b8                OTG_FS_IRQHandler
                0x00000000080013b8                SPI3_IRQHandler
                0x00000000080013b8                I2C1_ER_IRQHandler
                0x00000000080013b8                FMC_IRQHandler
                0x00000000080013b8                SWPMI1_IRQHandler
                0x00000000080013b8                LPTIM1_IRQHandler
                0x00000000080013b8                SAI1_IRQHandler
                0x00000000080013b8                DMA2_Channel3_IRQHandler
                0x00000000080013b8                TIM1_BRK_TIM15_IRQHandler
 *fill*         0x00000000080013ba        0x2 
 .text.HAL_Init
                0x00000000080013bc       0x40 ./Drivers/STM32L4xx_HAL_Driver/Src/stm32l4xx_hal.o
                0x00000000080013bc                HAL_Init
 .text.HAL_InitTick
                0x00000000080013fc       0x78 ./Drivers/STM32L4xx_HAL_Driver/Src/stm32l4xx_hal.o
                0x00000000080013fc                HAL_InitTick
 .text.HAL_IncTick
                0x0000000008001474       0x28 ./Drivers/STM32L4xx_HAL_Driver/Src/stm32l4xx_hal.o
                0x0000000008001474                HAL_IncTick
 .text.HAL_GetTick
                0x000000000800149c       0x18 ./Drivers/STM32L4xx_HAL_Driver/Src/stm32l4xx_hal.o
                0x000000000800149c                HAL_GetTick
 .text.HAL_Delay
                0x00000000080014b4       0x48 ./Drivers/STM32L4xx_HAL_Driver/Src/stm32l4xx_hal.o
                0x00000000080014b4                HAL_Delay
 .text.LL_ADC_SetCommonClock
                0x00000000080014fc       0x26 ./Drivers/STM32L4xx_HAL_Driver/Src/stm32l4xx_hal_adc.o
 .text.LL_ADC_SetCommonPathInternalCh
                0x0000000008001522       0x26 ./Drivers/STM32L4xx_HAL_Driver/Src/stm32l4xx_hal_adc.o
 .text.LL_ADC_GetCommonPathInternalCh
                0x0000000008001548       0x1c ./Drivers/STM32L4xx_HAL_Driver/Src/stm32l4xx_hal_adc.o
 .text.LL_ADC_SetOffset
                0x0000000008001564       0x48 ./Drivers/STM32L4xx_HAL_Driver/Src/stm32l4xx_hal_adc.o
 .text.LL_ADC_GetOffsetChannel
                0x00000000080015ac       0x2c ./Drivers/STM32L4xx_HAL_Driver/Src/stm32l4xx_hal_adc.o
 .text.LL_ADC_SetOffsetState
                0x00000000080015d8       0x36 ./Drivers/STM32L4xx_HAL_Driver/Src/stm32l4xx_hal_adc.o
 .text.LL_ADC_REG_SetSequencerRanks
                0x000000000800160e       0x58 ./Drivers/STM32L4xx_HAL_Driver/Src/stm32l4xx_hal_adc.o
 .text.LL_ADC_SetChannelSamplingTime
                0x0000000008001666       0x56 ./Drivers/STM32L4xx_HAL_Driver/Src/stm32l4xx_hal_adc.o
 .text.LL_ADC_SetChannelSingleDiff
                0x00000000080016bc       0x48 ./Drivers/STM32L4xx_HAL_Driver/Src/stm32l4xx_hal_adc.o
 .text.LL_ADC_DisableDeepPowerDown
                0x0000000008001704       0x24 ./Drivers/STM32L4xx_HAL_Driver/Src/stm32l4xx_hal_adc.o
 .text.LL_ADC_IsDeepPowerDownEnabled
                0x0000000008001728       0x28 ./Drivers/STM32L4xx_HAL_Driver/Src/stm32l4xx_hal_adc.o
 .text.LL_ADC_EnableInternalRegulator
                0x0000000008001750       0x28 ./Drivers/STM32L4xx_HAL_Driver/Src/stm32l4xx_hal_adc.o
 .text.LL_ADC_IsInternalRegulatorEnabled
                0x0000000008001778       0x28 ./Drivers/STM32L4xx_HAL_Driver/Src/stm32l4xx_hal_adc.o
 .text.LL_ADC_IsEnabled
                0x00000000080017a0       0x26 ./Drivers/STM32L4xx_HAL_Driver/Src/stm32l4xx_hal_adc.o
 .text.LL_ADC_REG_IsConversionOngoing
                0x00000000080017c6       0x26 ./Drivers/STM32L4xx_HAL_Driver/Src/stm32l4xx_hal_adc.o
 .text.LL_ADC_INJ_IsConversionOngoing
                0x00000000080017ec       0x26 ./Drivers/STM32L4xx_HAL_Driver/Src/stm32l4xx_hal_adc.o
 *fill*         0x0000000008001812        0x2 
 .text.HAL_ADC_Init
                0x0000000008001814      0x2ac ./Drivers/STM32L4xx_HAL_Driver/Src/stm32l4xx_hal_adc.o
                0x0000000008001814                HAL_ADC_Init
 .text.HAL_ADC_ConfigChannel
                0x0000000008001ac0      0x7e0 ./Drivers/STM32L4xx_HAL_Driver/Src/stm32l4xx_hal_adc.o
                0x0000000008001ac0                HAL_ADC_ConfigChannel
 .text.__NVIC_SetPriorityGrouping
                0x00000000080022a0       0x48 ./Drivers/STM32L4xx_HAL_Driver/Src/stm32l4xx_hal_cortex.o
 .text.__NVIC_GetPriorityGrouping
                0x00000000080022e8       0x1c ./Drivers/STM32L4xx_HAL_Driver/Src/stm32l4xx_hal_cortex.o
 .text.__NVIC_EnableIRQ
                0x0000000008002304       0x3c ./Drivers/STM32L4xx_HAL_Driver/Src/stm32l4xx_hal_cortex.o
 .text.__NVIC_SetPriority
                0x0000000008002340       0x54 ./Drivers/STM32L4xx_HAL_Driver/Src/stm32l4xx_hal_cortex.o
 .text.NVIC_EncodePriority
                0x0000000008002394       0x66 ./Drivers/STM32L4xx_HAL_Driver/Src/stm32l4xx_hal_cortex.o
 *fill*         0x00000000080023fa        0x2 
 .text.SysTick_Config
                0x00000000080023fc       0x44 ./Drivers/STM32L4xx_HAL_Driver/Src/stm32l4xx_hal_cortex.o
 .text.HAL_NVIC_SetPriorityGrouping
                0x0000000008002440       0x16 ./Drivers/STM32L4xx_HAL_Driver/Src/stm32l4xx_hal_cortex.o
                0x0000000008002440                HAL_NVIC_SetPriorityGrouping
 .text.HAL_NVIC_SetPriority
                0x0000000008002456       0x38 ./Drivers/STM32L4xx_HAL_Driver/Src/stm32l4xx_hal_cortex.o
                0x0000000008002456                HAL_NVIC_SetPriority
 .text.HAL_NVIC_EnableIRQ
                0x000000000800248e       0x1c ./Drivers/STM32L4xx_HAL_Driver/Src/stm32l4xx_hal_cortex.o
                0x000000000800248e                HAL_NVIC_EnableIRQ
 .text.HAL_SYSTICK_Config
                0x00000000080024aa       0x18 ./Drivers/STM32L4xx_HAL_Driver/Src/stm32l4xx_hal_cortex.o
                0x00000000080024aa                HAL_SYSTICK_Config
 *fill*         0x00000000080024c2        0x2 
 .text.HAL_GPIO_Init
                0x00000000080024c4      0x354 ./Drivers/STM32L4xx_HAL_Driver/Src/stm32l4xx_hal_gpio.o
                0x00000000080024c4                HAL_GPIO_Init
 .text.HAL_GPIO_WritePin
                0x0000000008002818       0x30 ./Drivers/STM32L4xx_HAL_Driver/Src/stm32l4xx_hal_gpio.o
                0x0000000008002818                HAL_GPIO_WritePin
 .text.HAL_GPIO_EXTI_IRQHandler
                0x0000000008002848       0x30 ./Drivers/STM32L4xx_HAL_Driver/Src/stm32l4xx_hal_gpio.o
                0x0000000008002848                HAL_GPIO_EXTI_IRQHandler
 .text.HAL_GPIO_EXTI_Callback
                0x0000000008002878       0x16 ./Drivers/STM32L4xx_HAL_Driver/Src/stm32l4xx_hal_gpio.o
                0x0000000008002878                HAL_GPIO_EXTI_Callback
 .text.HAL_I2C_Init
                0x000000000800288e      0x11e ./Drivers/STM32L4xx_HAL_Driver/Src/stm32l4xx_hal_i2c.o
                0x000000000800288e                HAL_I2C_Init
 .text.HAL_I2C_Master_Transmit
                0x00000000080029ac      0x1e8 ./Drivers/STM32L4xx_HAL_Driver/Src/stm32l4xx_hal_i2c.o
                0x00000000080029ac                HAL_I2C_Master_Transmit
 .text.HAL_I2C_Master_Receive
                0x0000000008002b94      0x1ec ./Drivers/STM32L4xx_HAL_Driver/Src/stm32l4xx_hal_i2c.o
                0x0000000008002b94                HAL_I2C_Master_Receive
 .text.I2C_Flush_TXDR
                0x0000000008002d80       0x48 ./Drivers/STM32L4xx_HAL_Driver/Src/stm32l4xx_hal_i2c.o
 .text.I2C_WaitOnFlagUntilTimeout
                0x0000000008002dc8       0x80 ./Drivers/STM32L4xx_HAL_Driver/Src/stm32l4xx_hal_i2c.o
 .text.I2C_WaitOnTXISFlagUntilTimeout
                0x0000000008002e48       0x80 ./Drivers/STM32L4xx_HAL_Driver/Src/stm32l4xx_hal_i2c.o
 .text.I2C_WaitOnSTOPFlagUntilTimeout
                0x0000000008002ec8       0x78 ./Drivers/STM32L4xx_HAL_Driver/Src/stm32l4xx_hal_i2c.o
 .text.I2C_WaitOnRXNEFlagUntilTimeout
                0x0000000008002f40       0xd8 ./Drivers/STM32L4xx_HAL_Driver/Src/stm32l4xx_hal_i2c.o
 .text.I2C_IsAcknowledgeFailed
                0x0000000008003018       0xcc ./Drivers/STM32L4xx_HAL_Driver/Src/stm32l4xx_hal_i2c.o
 .text.I2C_TransferConfig
                0x00000000080030e4       0x5c ./Drivers/STM32L4xx_HAL_Driver/Src/stm32l4xx_hal_i2c.o
 .text.HAL_I2CEx_ConfigAnalogFilter
                0x0000000008003140       0x96 ./Drivers/STM32L4xx_HAL_Driver/Src/stm32l4xx_hal_i2c_ex.o
                0x0000000008003140                HAL_I2CEx_ConfigAnalogFilter
 .text.HAL_I2CEx_ConfigDigitalFilter
                0x00000000080031d6       0x98 ./Drivers/STM32L4xx_HAL_Driver/Src/stm32l4xx_hal_i2c_ex.o
                0x00000000080031d6                HAL_I2CEx_ConfigDigitalFilter
 *fill*         0x000000000800326e        0x2 
 .text.HAL_PWREx_GetVoltageRange
                0x0000000008003270       0x1c ./Drivers/STM32L4xx_HAL_Driver/Src/stm32l4xx_hal_pwr_ex.o
                0x0000000008003270                HAL_PWREx_GetVoltageRange
 .text.HAL_PWREx_ControlVoltageScaling
                0x000000000800328c       0xac ./Drivers/STM32L4xx_HAL_Driver/Src/stm32l4xx_hal_pwr_ex.o
                0x000000000800328c                HAL_PWREx_ControlVoltageScaling
 .text.HAL_RCC_OscConfig
                0x0000000008003338      0x7cc ./Drivers/STM32L4xx_HAL_Driver/Src/stm32l4xx_hal_rcc.o
                0x0000000008003338                HAL_RCC_OscConfig
 .text.HAL_RCC_ClockConfig
                0x0000000008003b04      0x1c4 ./Drivers/STM32L4xx_HAL_Driver/Src/stm32l4xx_hal_rcc.o
                0x0000000008003b04                HAL_RCC_ClockConfig
 .text.HAL_RCC_GetSysClockFreq
                0x0000000008003cc8      0x118 ./Drivers/STM32L4xx_HAL_Driver/Src/stm32l4xx_hal_rcc.o
                0x0000000008003cc8                HAL_RCC_GetSysClockFreq
 .text.HAL_RCC_GetHCLKFreq
                0x0000000008003de0       0x18 ./Drivers/STM32L4xx_HAL_Driver/Src/stm32l4xx_hal_rcc.o
                0x0000000008003de0                HAL_RCC_GetHCLKFreq
 .text.HAL_RCC_GetPCLK1Freq
                0x0000000008003df8       0x2c ./Drivers/STM32L4xx_HAL_Driver/Src/stm32l4xx_hal_rcc.o
                0x0000000008003df8                HAL_RCC_GetPCLK1Freq
 .text.HAL_RCC_GetPCLK2Freq
                0x0000000008003e24       0x2c ./Drivers/STM32L4xx_HAL_Driver/Src/stm32l4xx_hal_rcc.o
                0x0000000008003e24                HAL_RCC_GetPCLK2Freq
 .text.RCC_SetFlashLatencyFromMSIRange
                0x0000000008003e50       0xc0 ./Drivers/STM32L4xx_HAL_Driver/Src/stm32l4xx_hal_rcc.o
 .text.HAL_RCCEx_PeriphCLKConfig
                0x0000000008003f10      0x5d4 ./Drivers/STM32L4xx_HAL_Driver/Src/stm32l4xx_hal_rcc_ex.o
                0x0000000008003f10                HAL_RCCEx_PeriphCLKConfig
 .text.HAL_RCCEx_GetPeriphCLKFreq
                0x00000000080044e4      0xad4 ./Drivers/STM32L4xx_HAL_Driver/Src/stm32l4xx_hal_rcc_ex.o
                0x00000000080044e4                HAL_RCCEx_GetPeriphCLKFreq
 .text.RCCEx_PLLSAI1_Config
                0x0000000008004fb8      0x1e8 ./Drivers/STM32L4xx_HAL_Driver/Src/stm32l4xx_hal_rcc_ex.o
 .text.RCCEx_PLLSAI2_Config
                0x00000000080051a0      0x1bc ./Drivers/STM32L4xx_HAL_Driver/Src/stm32l4xx_hal_rcc_ex.o
 .text.RCCEx_GetSAIxPeriphCLKFreq
                0x000000000800535c      0x1e0 ./Drivers/STM32L4xx_HAL_Driver/Src/stm32l4xx_hal_rcc_ex.o
 .text.HAL_SD_Init
                0x000000000800553c       0x60 ./Drivers/STM32L4xx_HAL_Driver/Src/stm32l4xx_hal_sd.o
                0x000000000800553c                HAL_SD_Init
 .text.HAL_SD_InitCard
                0x000000000800559c      0x170 ./Drivers/STM32L4xx_HAL_Driver/Src/stm32l4xx_hal_sd.o
                0x000000000800559c                HAL_SD_InitCard
 .text.HAL_SD_ReadBlocks
                0x000000000800570c      0x3bc ./Drivers/STM32L4xx_HAL_Driver/Src/stm32l4xx_hal_sd.o
                0x000000000800570c                HAL_SD_ReadBlocks
 .text.HAL_SD_WriteBlocks
                0x0000000008005ac8      0x30c ./Drivers/STM32L4xx_HAL_Driver/Src/stm32l4xx_hal_sd.o
                0x0000000008005ac8                HAL_SD_WriteBlocks
 .text.HAL_SD_GetCardCSD
                0x0000000008005dd4      0x348 ./Drivers/STM32L4xx_HAL_Driver/Src/stm32l4xx_hal_sd.o
                0x0000000008005dd4                HAL_SD_GetCardCSD
 .text.HAL_SD_GetCardInfo
                0x000000000800611c       0x58 ./Drivers/STM32L4xx_HAL_Driver/Src/stm32l4xx_hal_sd.o
                0x000000000800611c                HAL_SD_GetCardInfo
 .text.HAL_SD_GetCardState
                0x0000000008006174       0x40 ./Drivers/STM32L4xx_HAL_Driver/Src/stm32l4xx_hal_sd.o
                0x0000000008006174                HAL_SD_GetCardState
 .text.SD_InitCard
                0x00000000080061b4      0x198 ./Drivers/STM32L4xx_HAL_Driver/Src/stm32l4xx_hal_sd.o
 .text.SD_PowerON
                0x000000000800634c      0x11c ./Drivers/STM32L4xx_HAL_Driver/Src/stm32l4xx_hal_sd.o
 .text.SD_SendStatus
                0x0000000008006468       0x50 ./Drivers/STM32L4xx_HAL_Driver/Src/stm32l4xx_hal_sd.o
 .text.HAL_SPI_Init
                0x00000000080064b8      0x146 ./Drivers/STM32L4xx_HAL_Driver/Src/stm32l4xx_hal_spi.o
                0x00000000080064b8                HAL_SPI_Init
 .text.HAL_UART_Init
                0x00000000080065fe       0x9c ./Drivers/STM32L4xx_HAL_Driver/Src/stm32l4xx_hal_uart.o
                0x00000000080065fe                HAL_UART_Init
 .text.HAL_UART_Transmit
                0x000000000800669a      0x128 ./Drivers/STM32L4xx_HAL_Driver/Src/stm32l4xx_hal_uart.o
                0x000000000800669a                HAL_UART_Transmit
 *fill*         0x00000000080067c2        0x2 
 .text.UART_SetConfig
                0x00000000080067c4      0x514 ./Drivers/STM32L4xx_HAL_Driver/Src/stm32l4xx_hal_uart.o
                0x00000000080067c4                UART_SetConfig
 .text.UART_AdvFeatureConfig
                0x0000000008006cd8      0x144 ./Drivers/STM32L4xx_HAL_Driver/Src/stm32l4xx_hal_uart.o
                0x0000000008006cd8                UART_AdvFeatureConfig
 .text.UART_CheckIdleState
                0x0000000008006e1c       0x92 ./Drivers/STM32L4xx_HAL_Driver/Src/stm32l4xx_hal_uart.o
                0x0000000008006e1c                UART_CheckIdleState
 .text.UART_WaitOnFlagUntilTimeout
                0x0000000008006eae       0xf8 ./Drivers/STM32L4xx_HAL_Driver/Src/stm32l4xx_hal_uart.o
                0x0000000008006eae                UART_WaitOnFlagUntilTimeout
 .text.SDMMC_Init
                0x0000000008006fa6       0x5a ./Drivers/STM32L4xx_HAL_Driver/Src/stm32l4xx_ll_sdmmc.o
                0x0000000008006fa6                SDMMC_Init
 .text.SDMMC_ReadFIFO
                0x0000000008007000       0x1a ./Drivers/STM32L4xx_HAL_Driver/Src/stm32l4xx_ll_sdmmc.o
                0x0000000008007000                SDMMC_ReadFIFO
 .text.SDMMC_WriteFIFO
                0x000000000800701a       0x22 ./Drivers/STM32L4xx_HAL_Driver/Src/stm32l4xx_ll_sdmmc.o
                0x000000000800701a                SDMMC_WriteFIFO
 .text.SDMMC_PowerState_ON
                0x000000000800703c       0x1e ./Drivers/STM32L4xx_HAL_Driver/Src/stm32l4xx_ll_sdmmc.o
                0x000000000800703c                SDMMC_PowerState_ON
 .text.SDMMC_GetPowerState
                0x000000000800705a       0x1c ./Drivers/STM32L4xx_HAL_Driver/Src/stm32l4xx_ll_sdmmc.o
                0x000000000800705a                SDMMC_GetPowerState
 .text.SDMMC_SendCommand
                0x0000000008007076       0x54 ./Drivers/STM32L4xx_HAL_Driver/Src/stm32l4xx_ll_sdmmc.o
                0x0000000008007076                SDMMC_SendCommand
 .text.SDMMC_GetCommandResponse
                0x00000000080070ca       0x1a ./Drivers/STM32L4xx_HAL_Driver/Src/stm32l4xx_ll_sdmmc.o
                0x00000000080070ca                SDMMC_GetCommandResponse
 .text.SDMMC_GetResponse
                0x00000000080070e4       0x26 ./Drivers/STM32L4xx_HAL_Driver/Src/stm32l4xx_ll_sdmmc.o
                0x00000000080070e4                SDMMC_GetResponse
 .text.SDMMC_ConfigData
                0x000000000800710a       0x58 ./Drivers/STM32L4xx_HAL_Driver/Src/stm32l4xx_ll_sdmmc.o
                0x000000000800710a                SDMMC_ConfigData
 .text.SDMMC_CmdBlockLength
                0x0000000008007162       0x44 ./Drivers/STM32L4xx_HAL_Driver/Src/stm32l4xx_ll_sdmmc.o
                0x0000000008007162                SDMMC_CmdBlockLength
 .text.SDMMC_CmdReadSingleBlock
                0x00000000080071a6       0x44 ./Drivers/STM32L4xx_HAL_Driver/Src/stm32l4xx_ll_sdmmc.o
                0x00000000080071a6                SDMMC_CmdReadSingleBlock
 .text.SDMMC_CmdReadMultiBlock
                0x00000000080071ea       0x44 ./Drivers/STM32L4xx_HAL_Driver/Src/stm32l4xx_ll_sdmmc.o
                0x00000000080071ea                SDMMC_CmdReadMultiBlock
 .text.SDMMC_CmdWriteSingleBlock
                0x000000000800722e       0x44 ./Drivers/STM32L4xx_HAL_Driver/Src/stm32l4xx_ll_sdmmc.o
                0x000000000800722e                SDMMC_CmdWriteSingleBlock
 .text.SDMMC_CmdWriteMultiBlock
                0x0000000008007272       0x44 ./Drivers/STM32L4xx_HAL_Driver/Src/stm32l4xx_ll_sdmmc.o
                0x0000000008007272                SDMMC_CmdWriteMultiBlock
 *fill*         0x00000000080072b6        0x2 
 .text.SDMMC_CmdStopTransfer
                0x00000000080072b8       0x44 ./Drivers/STM32L4xx_HAL_Driver/Src/stm32l4xx_ll_sdmmc.o
                0x00000000080072b8                SDMMC_CmdStopTransfer
 .text.SDMMC_CmdSelDesel
                0x00000000080072fc       0x46 ./Drivers/STM32L4xx_HAL_Driver/Src/stm32l4xx_ll_sdmmc.o
                0x00000000080072fc                SDMMC_CmdSelDesel
 .text.SDMMC_CmdGoIdleState
                0x0000000008007342       0x3c ./Drivers/STM32L4xx_HAL_Driver/Src/stm32l4xx_ll_sdmmc.o
                0x0000000008007342                SDMMC_CmdGoIdleState
 .text.SDMMC_CmdOperCond
                0x000000000800737e       0x3e ./Drivers/STM32L4xx_HAL_Driver/Src/stm32l4xx_ll_sdmmc.o
                0x000000000800737e                SDMMC_CmdOperCond
 .text.SDMMC_CmdAppCommand
                0x00000000080073bc       0x44 ./Drivers/STM32L4xx_HAL_Driver/Src/stm32l4xx_ll_sdmmc.o
                0x00000000080073bc                SDMMC_CmdAppCommand
 .text.SDMMC_CmdAppOperCommand
                0x0000000008007400       0x46 ./Drivers/STM32L4xx_HAL_Driver/Src/stm32l4xx_ll_sdmmc.o
                0x0000000008007400                SDMMC_CmdAppOperCommand
 .text.SDMMC_CmdSendCID
                0x0000000008007446       0x3c ./Drivers/STM32L4xx_HAL_Driver/Src/stm32l4xx_ll_sdmmc.o
                0x0000000008007446                SDMMC_CmdSendCID
 .text.SDMMC_CmdSendCSD
                0x0000000008007482       0x3e ./Drivers/STM32L4xx_HAL_Driver/Src/stm32l4xx_ll_sdmmc.o
                0x0000000008007482                SDMMC_CmdSendCSD
 .text.SDMMC_CmdSetRelAdd
                0x00000000080074c0       0x42 ./Drivers/STM32L4xx_HAL_Driver/Src/stm32l4xx_ll_sdmmc.o
                0x00000000080074c0                SDMMC_CmdSetRelAdd
 .text.SDMMC_CmdSendStatus
                0x0000000008007502       0x44 ./Drivers/STM32L4xx_HAL_Driver/Src/stm32l4xx_ll_sdmmc.o
                0x0000000008007502                SDMMC_CmdSendStatus
 *fill*         0x0000000008007546        0x2 
 .text.SDMMC_GetCmdResp1
                0x0000000008007548      0x1dc ./Drivers/STM32L4xx_HAL_Driver/Src/stm32l4xx_ll_sdmmc.o
                0x0000000008007548                SDMMC_GetCmdResp1
 .text.SDMMC_GetCmdResp2
                0x0000000008007724       0x90 ./Drivers/STM32L4xx_HAL_Driver/Src/stm32l4xx_ll_sdmmc.o
                0x0000000008007724                SDMMC_GetCmdResp2
 .text.SDMMC_GetCmdResp3
                0x00000000080077b4       0x7c ./Drivers/STM32L4xx_HAL_Driver/Src/stm32l4xx_ll_sdmmc.o
                0x00000000080077b4                SDMMC_GetCmdResp3
 .text.SDMMC_GetCmdResp6
                0x0000000008007830       0xec ./Drivers/STM32L4xx_HAL_Driver/Src/stm32l4xx_ll_sdmmc.o
                0x0000000008007830                SDMMC_GetCmdResp6
 .text.SDMMC_GetCmdResp7
                0x000000000800791c       0x9c ./Drivers/STM32L4xx_HAL_Driver/Src/stm32l4xx_ll_sdmmc.o
                0x000000000800791c                SDMMC_GetCmdResp7
 .text.SDMMC_GetCmdError
                0x00000000080079b8       0x58 ./Drivers/STM32L4xx_HAL_Driver/Src/stm32l4xx_ll_sdmmc.o
 .text.MX_FATFS_Init
                0x0000000008007a10       0x24 ./FATFS/App/fatfs.o
                0x0000000008007a10                MX_FATFS_Init
 .text.BSP_SD_Init
                0x0000000008007a34       0x30 ./FATFS/Target/bsp_driver_sd.o
                0x0000000008007a34                BSP_SD_Init
 .text.BSP_SD_ReadBlocks
                0x0000000008007a64       0x3c ./FATFS/Target/bsp_driver_sd.o
                0x0000000008007a64                BSP_SD_ReadBlocks
 .text.BSP_SD_WriteBlocks
                0x0000000008007aa0       0x3c ./FATFS/Target/bsp_driver_sd.o
                0x0000000008007aa0                BSP_SD_WriteBlocks
 .text.BSP_SD_GetCardState
                0x0000000008007adc       0x20 ./FATFS/Target/bsp_driver_sd.o
                0x0000000008007adc                BSP_SD_GetCardState
 .text.BSP_SD_GetCardInfo
                0x0000000008007afc       0x1c ./FATFS/Target/bsp_driver_sd.o
                0x0000000008007afc                BSP_SD_GetCardInfo
 .text.BSP_SD_IsDetected
                0x0000000008007b18       0x1a ./FATFS/Target/bsp_driver_sd.o
                0x0000000008007b18                BSP_SD_IsDetected
 *fill*         0x0000000008007b32        0x2 
 .text.SD_CheckStatus
                0x0000000008007b34       0x3c ./FATFS/Target/sd_diskio.o
 .text.SD_initialize
                0x0000000008007b70       0x3c ./FATFS/Target/sd_diskio.o
                0x0000000008007b70                SD_initialize
 .text.SD_status
                0x0000000008007bac       0x1c ./FATFS/Target/sd_diskio.o
                0x0000000008007bac                SD_status
 .text.SD_read  0x0000000008007bc8       0x42 ./FATFS/Target/sd_diskio.o
                0x0000000008007bc8                SD_read
 .text.SD_write
                0x0000000008007c0a       0x42 ./FATFS/Target/sd_diskio.o
                0x0000000008007c0a                SD_write
 .text.SD_ioctl
                0x0000000008007c4c       0xb0 ./FATFS/Target/sd_diskio.o
                0x0000000008007c4c                SD_ioctl
 .text.FATFS_LinkDriverEx
                0x0000000008007cfc       0x98 ./Middlewares/Third_Party/FatFs/src/ff_gen_drv.o
                0x0000000008007cfc                FATFS_LinkDriverEx
 .text.FATFS_LinkDriver
                0x0000000008007d94       0x1e ./Middlewares/Third_Party/FatFs/src/ff_gen_drv.o
                0x0000000008007d94                FATFS_LinkDriver
 *fill*         0x0000000008007db2        0x2 
 .text.__libc_init_array
                0x0000000008007db4       0x48 c:/st/stm32cubeide_1.7.0/stm32cubeide/plugins/com.st.stm32cube.ide.mcu.externaltools.gnu-tools-for-stm32.9-2020-q2-update.win32_2.0.0.202105311346/tools/bin/../lib/gcc/arm-none-eabi/9.3.1/../../../../arm-none-eabi/lib/thumb/v7e-m+fp/hard\libc_nano.a(lib_a-init.o)
                0x0000000008007db4                __libc_init_array
 .text.memset   0x0000000008007dfc       0x10 c:/st/stm32cubeide_1.7.0/stm32cubeide/plugins/com.st.stm32cube.ide.mcu.externaltools.gnu-tools-for-stm32.9-2020-q2-update.win32_2.0.0.202105311346/tools/bin/../lib/gcc/arm-none-eabi/9.3.1/../../../../arm-none-eabi/lib/thumb/v7e-m+fp/hard\libc_nano.a(lib_a-memset.o)
                0x0000000008007dfc                memset
 *(.glue_7)
 .glue_7        0x0000000008007e0c        0x0 linker stubs
 *(.glue_7t)
 .glue_7t       0x0000000008007e0c        0x0 linker stubs
 *(.eh_frame)
 .eh_frame      0x0000000008007e0c        0x0 c:/st/stm32cubeide_1.7.0/stm32cubeide/plugins/com.st.stm32cube.ide.mcu.externaltools.gnu-tools-for-stm32.9-2020-q2-update.win32_2.0.0.202105311346/tools/bin/../lib/gcc/arm-none-eabi/9.3.1/thumb/v7e-m+fp/hard/crtbegin.o
 *(.init)
 .init          0x0000000008007e0c        0x4 c:/st/stm32cubeide_1.7.0/stm32cubeide/plugins/com.st.stm32cube.ide.mcu.externaltools.gnu-tools-for-stm32.9-2020-q2-update.win32_2.0.0.202105311346/tools/bin/../lib/gcc/arm-none-eabi/9.3.1/thumb/v7e-m+fp/hard/crti.o
                0x0000000008007e0c                _init
 .init          0x0000000008007e10        0x8 c:/st/stm32cubeide_1.7.0/stm32cubeide/plugins/com.st.stm32cube.ide.mcu.externaltools.gnu-tools-for-stm32.9-2020-q2-update.win32_2.0.0.202105311346/tools/bin/../lib/gcc/arm-none-eabi/9.3.1/thumb/v7e-m+fp/hard/crtn.o
 *(.fini)
 .fini          0x0000000008007e18        0x4 c:/st/stm32cubeide_1.7.0/stm32cubeide/plugins/com.st.stm32cube.ide.mcu.externaltools.gnu-tools-for-stm32.9-2020-q2-update.win32_2.0.0.202105311346/tools/bin/../lib/gcc/arm-none-eabi/9.3.1/thumb/v7e-m+fp/hard/crti.o
                0x0000000008007e18                _fini
 .fini          0x0000000008007e1c        0x8 c:/st/stm32cubeide_1.7.0/stm32cubeide/plugins/com.st.stm32cube.ide.mcu.externaltools.gnu-tools-for-stm32.9-2020-q2-update.win32_2.0.0.202105311346/tools/bin/../lib/gcc/arm-none-eabi/9.3.1/thumb/v7e-m+fp/hard/crtn.o
                0x0000000008007e24                . = ALIGN (0x4)
                0x0000000008007e24                _etext = .

.vfp11_veneer   0x0000000008007e24        0x0
 .vfp11_veneer  0x0000000008007e24        0x0 linker stubs

.v4_bx          0x0000000008007e24        0x0
 .v4_bx         0x0000000008007e24        0x0 linker stubs

.iplt           0x0000000008007e24        0x0
 .iplt          0x0000000008007e24        0x0 c:/st/stm32cubeide_1.7.0/stm32cubeide/plugins/com.st.stm32cube.ide.mcu.externaltools.gnu-tools-for-stm32.9-2020-q2-update.win32_2.0.0.202105311346/tools/bin/../lib/gcc/arm-none-eabi/9.3.1/thumb/v7e-m+fp/hard/crtbegin.o

.rodata         0x0000000008007e24       0xf0
                0x0000000008007e24                . = ALIGN (0x4)
 *(.rodata)
 .rodata        0x0000000008007e24       0x14 ./Core/Src/main.o
 *(.rodata*)
 .rodata.ledRow
                0x0000000008007e38       0x10 ./Core/Src/main.o
                0x0000000008007e38                ledRow
 .rodata.ledLine
                0x0000000008007e48       0x10 ./Core/Src/main.o
                0x0000000008007e48                ledLine
 .rodata.butRow
                0x0000000008007e58       0x10 ./Core/Src/main.o
                0x0000000008007e58                butRow
 .rodata.butLine
                0x0000000008007e68       0x10 ./Core/Src/main.o
                0x0000000008007e68                butLine
 .rodata.noteTouch
                0x0000000008007e78       0x40 ./Core/Src/main.o
                0x0000000008007e78                noteTouch
 .rodata.AHBPrescTable
                0x0000000008007eb8       0x10 ./Core/Src/system_stm32l4xx.o
                0x0000000008007eb8                AHBPrescTable
 .rodata.APBPrescTable
                0x0000000008007ec8        0x8 ./Core/Src/system_stm32l4xx.o
                0x0000000008007ec8                APBPrescTable
 .rodata.MSIRangeTable
                0x0000000008007ed0       0x30 ./Core/Src/system_stm32l4xx.o
                0x0000000008007ed0                MSIRangeTable
 .rodata.SD_Driver
                0x0000000008007f00       0x14 ./FATFS/Target/sd_diskio.o
                0x0000000008007f00                SD_Driver
                0x0000000008007f14                . = ALIGN (0x4)

.ARM.extab      0x0000000008007f14        0x0
                0x0000000008007f14                . = ALIGN (0x4)
 *(.ARM.extab* .gnu.linkonce.armextab.*)
                0x0000000008007f14                . = ALIGN (0x4)

.ARM            0x0000000008007f14        0x8
                0x0000000008007f14                . = ALIGN (0x4)
                0x0000000008007f14                __exidx_start = .
 *(.ARM.exidx*)
 .ARM.exidx     0x0000000008007f14        0x8 c:/st/stm32cubeide_1.7.0/stm32cubeide/plugins/com.st.stm32cube.ide.mcu.externaltools.gnu-tools-for-stm32.9-2020-q2-update.win32_2.0.0.202105311346/tools/bin/../lib/gcc/arm-none-eabi/9.3.1/thumb/v7e-m+fp/hard\libgcc.a(_udivmoddi4.o)
                0x0000000008007f1c                __exidx_end = .
                0x0000000008007f1c                . = ALIGN (0x4)

.rel.dyn        0x0000000008007f1c        0x0
 .rel.iplt      0x0000000008007f1c        0x0 c:/st/stm32cubeide_1.7.0/stm32cubeide/plugins/com.st.stm32cube.ide.mcu.externaltools.gnu-tools-for-stm32.9-2020-q2-update.win32_2.0.0.202105311346/tools/bin/../lib/gcc/arm-none-eabi/9.3.1/thumb/v7e-m+fp/hard/crtbegin.o

.preinit_array  0x0000000008007f1c        0x0
                0x0000000008007f1c                . = ALIGN (0x4)
                0x0000000008007f1c                PROVIDE (__preinit_array_start = .)
 *(.preinit_array*)
                0x0000000008007f1c                PROVIDE (__preinit_array_end = .)
                0x0000000008007f1c                . = ALIGN (0x4)

.init_array     0x0000000008007f1c        0x4
                0x0000000008007f1c                . = ALIGN (0x4)
                0x0000000008007f1c                PROVIDE (__init_array_start = .)
 *(SORT_BY_NAME(.init_array.*))
 *(.init_array*)
 .init_array    0x0000000008007f1c        0x4 c:/st/stm32cubeide_1.7.0/stm32cubeide/plugins/com.st.stm32cube.ide.mcu.externaltools.gnu-tools-for-stm32.9-2020-q2-update.win32_2.0.0.202105311346/tools/bin/../lib/gcc/arm-none-eabi/9.3.1/thumb/v7e-m+fp/hard/crtbegin.o
                0x0000000008007f20                PROVIDE (__init_array_end = .)
                0x0000000008007f20                . = ALIGN (0x4)

.fini_array     0x0000000008007f20        0x4
                0x0000000008007f20                . = ALIGN (0x4)
                [!provide]                        PROVIDE (__fini_array_start = .)
 *(SORT_BY_NAME(.fini_array.*))
 *(.fini_array*)
 .fini_array    0x0000000008007f20        0x4 c:/st/stm32cubeide_1.7.0/stm32cubeide/plugins/com.st.stm32cube.ide.mcu.externaltools.gnu-tools-for-stm32.9-2020-q2-update.win32_2.0.0.202105311346/tools/bin/../lib/gcc/arm-none-eabi/9.3.1/thumb/v7e-m+fp/hard/crtbegin.o
                [!provide]                        PROVIDE (__fini_array_end = .)
                0x0000000008007f24                . = ALIGN (0x4)
                0x0000000008007f24                _sidata = LOADADDR (.data)

.data           0x0000000020000000        0xc load address 0x0000000008007f24
                0x0000000020000000                . = ALIGN (0x4)
                0x0000000020000000                _sdata = .
 *(.data)
 *(.data*)
 .data.SystemCoreClock
                0x0000000020000000        0x4 ./Core/Src/system_stm32l4xx.o
                0x0000000020000000                SystemCoreClock
 .data.uwTickPrio
                0x0000000020000004        0x4 ./Drivers/STM32L4xx_HAL_Driver/Src/stm32l4xx_hal.o
                0x0000000020000004                uwTickPrio
 .data.uwTickFreq
                0x0000000020000008        0x1 ./Drivers/STM32L4xx_HAL_Driver/Src/stm32l4xx_hal.o
                0x0000000020000008                uwTickFreq
 .data.Stat     0x0000000020000009        0x1 ./FATFS/Target/sd_diskio.o
 *(.RamFunc)
 *(.RamFunc*)
                0x000000002000000c                . = ALIGN (0x4)
 *fill*         0x000000002000000a        0x2 
                0x000000002000000c                _edata = .

.igot.plt       0x000000002000000c        0x0 load address 0x0000000008007f30
 .igot.plt      0x000000002000000c        0x0 c:/st/stm32cubeide_1.7.0/stm32cubeide/plugins/com.st.stm32cube.ide.mcu.externaltools.gnu-tools-for-stm32.9-2020-q2-update.win32_2.0.0.202105311346/tools/bin/../lib/gcc/arm-none-eabi/9.3.1/thumb/v7e-m+fp/hard/crtbegin.o
                0x000000002000000c                . = ALIGN (0x4)

.bss            0x000000002000000c      0x71c load address 0x0000000008007f30
                0x000000002000000c                _sbss = .
                0x000000002000000c                __bss_start__ = _sbss
 *(.bss)
 .bss           0x000000002000000c       0x1c c:/st/stm32cubeide_1.7.0/stm32cubeide/plugins/com.st.stm32cube.ide.mcu.externaltools.gnu-tools-for-stm32.9-2020-q2-update.win32_2.0.0.202105311346/tools/bin/../lib/gcc/arm-none-eabi/9.3.1/thumb/v7e-m+fp/hard/crtbegin.o
 *(.bss*)
 .bss.led       0x0000000020000028       0x40 ./Core/Src/main.o
                0x0000000020000028                led
 .bss.but       0x0000000020000068       0x18 ./Core/Src/main.o
                0x0000000020000068                but
 .bss.cmd       0x0000000020000080       0x14 ./Core/Src/main.o
                0x0000000020000080                cmd
 .bss.disk      0x0000000020000094        0xc ./Middlewares/Third_Party/FatFs/src/ff_gen_drv.o
                0x0000000020000094                disk
 *(COMMON)
 COMMON         0x00000000200000a0      0x21c ./Core/Src/main.o
                0x00000000200000a0                hspi2
                0x0000000020000104                hi2c1
                0x0000000020000150                hsd1
                0x00000000200001d4                hadc3
                0x0000000020000238                huart2
 COMMON         0x00000000200002bc        0x4 ./Drivers/STM32L4xx_HAL_Driver/Src/stm32l4xx_hal.o
                0x00000000200002bc                uwTick
 COMMON         0x00000000200002c0      0x468 ./FATFS/App/fatfs.o
                0x00000000200002c0                retSD
                0x00000000200002c4                SDPath
                0x00000000200002c8                SDFile
                0x00000000200004f8                SDFatFS
                0x0000000020000728                . = ALIGN (0x4)
                0x0000000020000728                _ebss = .
                0x0000000020000728                __bss_end__ = _ebss

._user_heap_stack
                0x0000000020000728      0x600 load address 0x0000000008007f30
                0x0000000020000728                . = ALIGN (0x8)
                [!provide]                        PROVIDE (end = .)
                0x0000000020000728                PROVIDE (_end = .)
                0x0000000020000928                . = (. + _Min_Heap_Size)
 *fill*         0x0000000020000728      0x200 
                0x0000000020000d28                . = (. + _Min_Stack_Size)
 *fill*         0x0000000020000928      0x400 
                0x0000000020000d28                . = ALIGN (0x8)

/DISCARD/
 libc.a(*)
 libm.a(*)
 libgcc.a(*)

.ARM.attributes
                0x0000000000000000       0x30
 *(.ARM.attributes)
 .ARM.attributes
                0x0000000000000000       0x1e c:/st/stm32cubeide_1.7.0/stm32cubeide/plugins/com.st.stm32cube.ide.mcu.externaltools.gnu-tools-for-stm32.9-2020-q2-update.win32_2.0.0.202105311346/tools/bin/../lib/gcc/arm-none-eabi/9.3.1/thumb/v7e-m+fp/hard/crti.o
 .ARM.attributes
                0x000000000000001e       0x34 c:/st/stm32cubeide_1.7.0/stm32cubeide/plugins/com.st.stm32cube.ide.mcu.externaltools.gnu-tools-for-stm32.9-2020-q2-update.win32_2.0.0.202105311346/tools/bin/../lib/gcc/arm-none-eabi/9.3.1/thumb/v7e-m+fp/hard/crtbegin.o
 .ARM.attributes
                0x0000000000000052       0x34 ./Core/Src/main.o
 .ARM.attributes
                0x0000000000000086       0x34 ./Core/Src/stm32l4xx_hal_msp.o
 .ARM.attributes
                0x00000000000000ba       0x34 ./Core/Src/stm32l4xx_it.o
 .ARM.attributes
                0x00000000000000ee       0x34 ./Core/Src/system_stm32l4xx.o
 .ARM.attributes
                0x0000000000000122       0x21 ./Core/Startup/startup_stm32l476rgtx.o
 .ARM.attributes
                0x0000000000000143       0x34 ./Drivers/STM32L4xx_HAL_Driver/Src/stm32l4xx_hal.o
 .ARM.attributes
                0x0000000000000177       0x34 ./Drivers/STM32L4xx_HAL_Driver/Src/stm32l4xx_hal_adc.o
 .ARM.attributes
                0x00000000000001ab       0x34 ./Drivers/STM32L4xx_HAL_Driver/Src/stm32l4xx_hal_cortex.o
 .ARM.attributes
                0x00000000000001df       0x34 ./Drivers/STM32L4xx_HAL_Driver/Src/stm32l4xx_hal_gpio.o
 .ARM.attributes
                0x0000000000000213       0x34 ./Drivers/STM32L4xx_HAL_Driver/Src/stm32l4xx_hal_i2c.o
 .ARM.attributes
                0x0000000000000247       0x34 ./Drivers/STM32L4xx_HAL_Driver/Src/stm32l4xx_hal_i2c_ex.o
 .ARM.attributes
                0x000000000000027b       0x34 ./Drivers/STM32L4xx_HAL_Driver/Src/stm32l4xx_hal_pwr_ex.o
 .ARM.attributes
                0x00000000000002af       0x34 ./Drivers/STM32L4xx_HAL_Driver/Src/stm32l4xx_hal_rcc.o
 .ARM.attributes
                0x00000000000002e3       0x34 ./Drivers/STM32L4xx_HAL_Driver/Src/stm32l4xx_hal_rcc_ex.o
 .ARM.attributes
                0x0000000000000317       0x34 ./Drivers/STM32L4xx_HAL_Driver/Src/stm32l4xx_hal_sd.o
 .ARM.attributes
                0x000000000000034b       0x34 ./Drivers/STM32L4xx_HAL_Driver/Src/stm32l4xx_hal_spi.o
 .ARM.attributes
                0x000000000000037f       0x34 ./Drivers/STM32L4xx_HAL_Driver/Src/stm32l4xx_hal_uart.o
 .ARM.attributes
                0x00000000000003b3       0x34 ./Drivers/STM32L4xx_HAL_Driver/Src/stm32l4xx_ll_sdmmc.o
 .ARM.attributes
                0x00000000000003e7       0x34 ./FATFS/App/fatfs.o
 .ARM.attributes
                0x000000000000041b       0x34 ./FATFS/Target/bsp_driver_sd.o
 .ARM.attributes
                0x000000000000044f       0x34 ./FATFS/Target/sd_diskio.o
 .ARM.attributes
                0x0000000000000483       0x34 ./Middlewares/Third_Party/FatFs/src/ff_gen_drv.o
 .ARM.attributes
                0x00000000000004b7       0x34 c:/st/stm32cubeide_1.7.0/stm32cubeide/plugins/com.st.stm32cube.ide.mcu.externaltools.gnu-tools-for-stm32.9-2020-q2-update.win32_2.0.0.202105311346/tools/bin/../lib/gcc/arm-none-eabi/9.3.1/../../../../arm-none-eabi/lib/thumb/v7e-m+fp/hard\libc_nano.a(lib_a-init.o)
 .ARM.attributes
                0x00000000000004eb       0x34 c:/st/stm32cubeide_1.7.0/stm32cubeide/plugins/com.st.stm32cube.ide.mcu.externaltools.gnu-tools-for-stm32.9-2020-q2-update.win32_2.0.0.202105311346/tools/bin/../lib/gcc/arm-none-eabi/9.3.1/../../../../arm-none-eabi/lib/thumb/v7e-m+fp/hard\libc_nano.a(lib_a-memset.o)
 .ARM.attributes
                0x000000000000051f       0x1e c:/st/stm32cubeide_1.7.0/stm32cubeide/plugins/com.st.stm32cube.ide.mcu.externaltools.gnu-tools-for-stm32.9-2020-q2-update.win32_2.0.0.202105311346/tools/bin/../lib/gcc/arm-none-eabi/9.3.1/thumb/v7e-m+fp/hard\libgcc.a(_aeabi_uldivmod.o)
 .ARM.attributes
                0x000000000000053d       0x34 c:/st/stm32cubeide_1.7.0/stm32cubeide/plugins/com.st.stm32cube.ide.mcu.externaltools.gnu-tools-for-stm32.9-2020-q2-update.win32_2.0.0.202105311346/tools/bin/../lib/gcc/arm-none-eabi/9.3.1/thumb/v7e-m+fp/hard\libgcc.a(_udivmoddi4.o)
 .ARM.attributes
                0x0000000000000571       0x1e c:/st/stm32cubeide_1.7.0/stm32cubeide/plugins/com.st.stm32cube.ide.mcu.externaltools.gnu-tools-for-stm32.9-2020-q2-update.win32_2.0.0.202105311346/tools/bin/../lib/gcc/arm-none-eabi/9.3.1/thumb/v7e-m+fp/hard\libgcc.a(_dvmd_tls.o)
 .ARM.attributes
                0x000000000000058f       0x1e c:/st/stm32cubeide_1.7.0/stm32cubeide/plugins/com.st.stm32cube.ide.mcu.externaltools.gnu-tools-for-stm32.9-2020-q2-update.win32_2.0.0.202105311346/tools/bin/../lib/gcc/arm-none-eabi/9.3.1/thumb/v7e-m+fp/hard/crtn.o
OUTPUT(Midi_music_DMX.elf elf32-littlearm)
LOAD linker stubs
LOAD c:/st/stm32cubeide_1.7.0/stm32cubeide/plugins/com.st.stm32cube.ide.mcu.externaltools.gnu-tools-for-stm32.9-2020-q2-update.win32_2.0.0.202105311346/tools/bin/../lib/gcc/arm-none-eabi/9.3.1/../../../../arm-none-eabi/lib/thumb/v7e-m+fp/hard\libc.a
LOAD c:/st/stm32cubeide_1.7.0/stm32cubeide/plugins/com.st.stm32cube.ide.mcu.externaltools.gnu-tools-for-stm32.9-2020-q2-update.win32_2.0.0.202105311346/tools/bin/../lib/gcc/arm-none-eabi/9.3.1/../../../../arm-none-eabi/lib/thumb/v7e-m+fp/hard\libm.a
LOAD c:/st/stm32cubeide_1.7.0/stm32cubeide/plugins/com.st.stm32cube.ide.mcu.externaltools.gnu-tools-for-stm32.9-2020-q2-update.win32_2.0.0.202105311346/tools/bin/../lib/gcc/arm-none-eabi/9.3.1/thumb/v7e-m+fp/hard\libgcc.a

.debug_info     0x0000000000000000    0x19841
 .debug_info    0x0000000000000000     0x30db ./Core/Src/main.o
 .debug_info    0x00000000000030db     0x1e7a ./Core/Src/stm32l4xx_hal_msp.o
 .debug_info    0x0000000000004f55      0x39d ./Core/Src/stm32l4xx_it.o
 .debug_info    0x00000000000052f2      0x779 ./Core/Src/system_stm32l4xx.o
 .debug_info    0x0000000000005a6b       0x22 ./Core/Startup/startup_stm32l476rgtx.o
 .debug_info    0x0000000000005a8d      0xddb ./Drivers/STM32L4xx_HAL_Driver/Src/stm32l4xx_hal.o
 .debug_info    0x0000000000006868     0x1f9e ./Drivers/STM32L4xx_HAL_Driver/Src/stm32l4xx_hal_adc.o
 .debug_info    0x0000000000008806     0x102e ./Drivers/STM32L4xx_HAL_Driver/Src/stm32l4xx_hal_cortex.o
 .debug_info    0x0000000000009834      0xa5f ./Drivers/STM32L4xx_HAL_Driver/Src/stm32l4xx_hal_gpio.o
 .debug_info    0x000000000000a293     0x22fd ./Drivers/STM32L4xx_HAL_Driver/Src/stm32l4xx_hal_i2c.o
 .debug_info    0x000000000000c590      0xc29 ./Drivers/STM32L4xx_HAL_Driver/Src/stm32l4xx_hal_i2c_ex.o
 .debug_info    0x000000000000d1b9      0xbda ./Drivers/STM32L4xx_HAL_Driver/Src/stm32l4xx_hal_pwr_ex.o
 .debug_info    0x000000000000dd93      0xe0b ./Drivers/STM32L4xx_HAL_Driver/Src/stm32l4xx_hal_rcc.o
 .debug_info    0x000000000000eb9e     0x103f ./Drivers/STM32L4xx_HAL_Driver/Src/stm32l4xx_hal_rcc_ex.o
 .debug_info    0x000000000000fbdd     0x1b64 ./Drivers/STM32L4xx_HAL_Driver/Src/stm32l4xx_hal_sd.o
 .debug_info    0x0000000000011741     0x18f8 ./Drivers/STM32L4xx_HAL_Driver/Src/stm32l4xx_hal_spi.o
 .debug_info    0x0000000000013039     0x1ac3 ./Drivers/STM32L4xx_HAL_Driver/Src/stm32l4xx_hal_uart.o
 .debug_info    0x0000000000014afc     0x1406 ./Drivers/STM32L4xx_HAL_Driver/Src/stm32l4xx_ll_sdmmc.o
 .debug_info    0x0000000000015f02      0xfba ./FATFS/App/fatfs.o
 .debug_info    0x0000000000016ebc      0xbc3 ./FATFS/Target/bsp_driver_sd.o
 .debug_info    0x0000000000017a7f      0xf38 ./FATFS/Target/sd_diskio.o
 .debug_info    0x00000000000189b7      0xe8a ./Middlewares/Third_Party/FatFs/src/ff_gen_drv.o

.debug_abbrev   0x0000000000000000     0x2ec8
 .debug_abbrev  0x0000000000000000      0x3ae ./Core/Src/main.o
 .debug_abbrev  0x00000000000003ae      0x217 ./Core/Src/stm32l4xx_hal_msp.o
 .debug_abbrev  0x00000000000005c5       0xf2 ./Core/Src/stm32l4xx_it.o
 .debug_abbrev  0x00000000000006b7      0x165 ./Core/Src/system_stm32l4xx.o
 .debug_abbrev  0x000000000000081c       0x12 ./Core/Startup/startup_stm32l476rgtx.o
 .debug_abbrev  0x000000000000082e      0x227 ./Drivers/STM32L4xx_HAL_Driver/Src/stm32l4xx_hal.o
 .debug_abbrev  0x0000000000000a55      0x288 ./Drivers/STM32L4xx_HAL_Driver/Src/stm32l4xx_hal_adc.o
 .debug_abbrev  0x0000000000000cdd      0x33c ./Drivers/STM32L4xx_HAL_Driver/Src/stm32l4xx_hal_cortex.o
 .debug_abbrev  0x0000000000001019      0x1e8 ./Drivers/STM32L4xx_HAL_Driver/Src/stm32l4xx_hal_gpio.o
 .debug_abbrev  0x0000000000001201      0x256 ./Drivers/STM32L4xx_HAL_Driver/Src/stm32l4xx_hal_i2c.o
 .debug_abbrev  0x0000000000001457      0x1dd ./Drivers/STM32L4xx_HAL_Driver/Src/stm32l4xx_hal_i2c_ex.o
 .debug_abbrev  0x0000000000001634      0x1f3 ./Drivers/STM32L4xx_HAL_Driver/Src/stm32l4xx_hal_pwr_ex.o
 .debug_abbrev  0x0000000000001827      0x275 ./Drivers/STM32L4xx_HAL_Driver/Src/stm32l4xx_hal_rcc.o
 .debug_abbrev  0x0000000000001a9c      0x268 ./Drivers/STM32L4xx_HAL_Driver/Src/stm32l4xx_hal_rcc_ex.o
 .debug_abbrev  0x0000000000001d04      0x26d ./Drivers/STM32L4xx_HAL_Driver/Src/stm32l4xx_hal_sd.o
 .debug_abbrev  0x0000000000001f71      0x254 ./Drivers/STM32L4xx_HAL_Driver/Src/stm32l4xx_hal_spi.o
 .debug_abbrev  0x00000000000021c5      0x23f ./Drivers/STM32L4xx_HAL_Driver/Src/stm32l4xx_hal_uart.o
 .debug_abbrev  0x0000000000002404      0x1e1 ./Drivers/STM32L4xx_HAL_Driver/Src/stm32l4xx_ll_sdmmc.o
 .debug_abbrev  0x00000000000025e5      0x209 ./FATFS/App/fatfs.o
 .debug_abbrev  0x00000000000027ee      0x24a ./FATFS/Target/bsp_driver_sd.o
 .debug_abbrev  0x0000000000002a38      0x228 ./FATFS/Target/sd_diskio.o
 .debug_abbrev  0x0000000000002c60      0x268 ./Middlewares/Third_Party/FatFs/src/ff_gen_drv.o

.debug_aranges  0x0000000000000000     0x1440
 .debug_aranges
                0x0000000000000000       0xb0 ./Core/Src/main.o
 .debug_aranges
                0x00000000000000b0       0x70 ./Core/Src/stm32l4xx_hal_msp.o
 .debug_aranges
                0x0000000000000120       0x68 ./Core/Src/stm32l4xx_it.o
 .debug_aranges
                0x0000000000000188       0x28 ./Core/Src/system_stm32l4xx.o
 .debug_aranges
                0x00000000000001b0       0x28 ./Core/Startup/startup_stm32l476rgtx.o
 .debug_aranges
                0x00000000000001d8      0x130 ./Drivers/STM32L4xx_HAL_Driver/Src/stm32l4xx_hal.o
 .debug_aranges
                0x0000000000000308      0x220 ./Drivers/STM32L4xx_HAL_Driver/Src/stm32l4xx_hal_adc.o
 .debug_aranges
                0x0000000000000528      0x118 ./Drivers/STM32L4xx_HAL_Driver/Src/stm32l4xx_hal_cortex.o
 .debug_aranges
                0x0000000000000640       0x58 ./Drivers/STM32L4xx_HAL_Driver/Src/stm32l4xx_hal_gpio.o
 .debug_aranges
                0x0000000000000698      0x290 ./Drivers/STM32L4xx_HAL_Driver/Src/stm32l4xx_hal_i2c.o
 .debug_aranges
                0x0000000000000928       0x48 ./Drivers/STM32L4xx_HAL_Driver/Src/stm32l4xx_hal_i2c_ex.o
 .debug_aranges
                0x0000000000000970      0x150 ./Drivers/STM32L4xx_HAL_Driver/Src/stm32l4xx_hal_pwr_ex.o
 .debug_aranges
                0x0000000000000ac0       0x88 ./Drivers/STM32L4xx_HAL_Driver/Src/stm32l4xx_hal_rcc.o
 .debug_aranges
                0x0000000000000b48       0xc0 ./Drivers/STM32L4xx_HAL_Driver/Src/stm32l4xx_hal_rcc_ex.o
 .debug_aranges
                0x0000000000000c08      0x168 ./Drivers/STM32L4xx_HAL_Driver/Src/stm32l4xx_hal_sd.o
 .debug_aranges
                0x0000000000000d70      0x1d8 ./Drivers/STM32L4xx_HAL_Driver/Src/stm32l4xx_hal_spi.o
 .debug_aranges
                0x0000000000000f48      0x228 ./Drivers/STM32L4xx_HAL_Driver/Src/stm32l4xx_hal_uart.o
 .debug_aranges
                0x0000000000001170      0x188 ./Drivers/STM32L4xx_HAL_Driver/Src/stm32l4xx_ll_sdmmc.o
 .debug_aranges
                0x00000000000012f8       0x28 ./FATFS/App/fatfs.o
 .debug_aranges
                0x0000000000001320       0x98 ./FATFS/Target/bsp_driver_sd.o
 .debug_aranges
                0x00000000000013b8       0x48 ./FATFS/Target/sd_diskio.o
 .debug_aranges
                0x0000000000001400       0x40 ./Middlewares/Third_Party/FatFs/src/ff_gen_drv.o

.debug_ranges   0x0000000000000000     0x1318
 .debug_ranges  0x0000000000000000       0xa0 ./Core/Src/main.o
 .debug_ranges  0x00000000000000a0       0x60 ./Core/Src/stm32l4xx_hal_msp.o
 .debug_ranges  0x0000000000000100       0x58 ./Core/Src/stm32l4xx_it.o
 .debug_ranges  0x0000000000000158       0x18 ./Core/Src/system_stm32l4xx.o
 .debug_ranges  0x0000000000000170       0x20 ./Core/Startup/startup_stm32l476rgtx.o
 .debug_ranges  0x0000000000000190      0x120 ./Drivers/STM32L4xx_HAL_Driver/Src/stm32l4xx_hal.o
 .debug_ranges  0x00000000000002b0      0x210 ./Drivers/STM32L4xx_HAL_Driver/Src/stm32l4xx_hal_adc.o
 .debug_ranges  0x00000000000004c0      0x108 ./Drivers/STM32L4xx_HAL_Driver/Src/stm32l4xx_hal_cortex.o
 .debug_ranges  0x00000000000005c8       0x48 ./Drivers/STM32L4xx_HAL_Driver/Src/stm32l4xx_hal_gpio.o
 .debug_ranges  0x0000000000000610      0x280 ./Drivers/STM32L4xx_HAL_Driver/Src/stm32l4xx_hal_i2c.o
 .debug_ranges  0x0000000000000890       0x38 ./Drivers/STM32L4xx_HAL_Driver/Src/stm32l4xx_hal_i2c_ex.o
 .debug_ranges  0x00000000000008c8      0x140 ./Drivers/STM32L4xx_HAL_Driver/Src/stm32l4xx_hal_pwr_ex.o
 .debug_ranges  0x0000000000000a08       0x78 ./Drivers/STM32L4xx_HAL_Driver/Src/stm32l4xx_hal_rcc.o
 .debug_ranges  0x0000000000000a80       0xb0 ./Drivers/STM32L4xx_HAL_Driver/Src/stm32l4xx_hal_rcc_ex.o
 .debug_ranges  0x0000000000000b30      0x158 ./Drivers/STM32L4xx_HAL_Driver/Src/stm32l4xx_hal_sd.o
 .debug_ranges  0x0000000000000c88      0x1c8 ./Drivers/STM32L4xx_HAL_Driver/Src/stm32l4xx_hal_spi.o
 .debug_ranges  0x0000000000000e50      0x248 ./Drivers/STM32L4xx_HAL_Driver/Src/stm32l4xx_hal_uart.o
 .debug_ranges  0x0000000000001098      0x178 ./Drivers/STM32L4xx_HAL_Driver/Src/stm32l4xx_ll_sdmmc.o
 .debug_ranges  0x0000000000001210       0x18 ./FATFS/App/fatfs.o
 .debug_ranges  0x0000000000001228       0x88 ./FATFS/Target/bsp_driver_sd.o
 .debug_ranges  0x00000000000012b0       0x38 ./FATFS/Target/sd_diskio.o
 .debug_ranges  0x00000000000012e8       0x30 ./Middlewares/Third_Party/FatFs/src/ff_gen_drv.o

.debug_macro    0x0000000000000000    0x29d91
 .debug_macro   0x0000000000000000      0x377 ./Core/Src/main.o
 .debug_macro   0x0000000000000377      0xaa8 ./Core/Src/main.o
 .debug_macro   0x0000000000000e1f      0x1b9 ./Core/Src/main.o
 .debug_macro   0x0000000000000fd8       0x2e ./Core/Src/main.o
 .debug_macro   0x0000000000001006       0x28 ./Core/Src/main.o
 .debug_macro   0x000000000000102e       0x22 ./Core/Src/main.o
 .debug_macro   0x0000000000001050       0x8e ./Core/Src/main.o
 .debug_macro   0x00000000000010de       0x51 ./Core/Src/main.o
 .debug_macro   0x000000000000112f      0x103 ./Core/Src/main.o
 .debug_macro   0x0000000000001232       0x6a ./Core/Src/main.o
 .debug_macro   0x000000000000129c      0x1df ./Core/Src/main.o
 .debug_macro   0x000000000000147b       0x1c ./Core/Src/main.o
 .debug_macro   0x0000000000001497       0x22 ./Core/Src/main.o
 .debug_macro   0x00000000000014b9      0x101 ./Core/Src/main.o
 .debug_macro   0x00000000000015ba     0x1011 ./Core/Src/main.o
 .debug_macro   0x00000000000025cb      0x11f ./Core/Src/main.o
 .debug_macro   0x00000000000026ea    0x1a13d ./Core/Src/main.o
 .debug_macro   0x000000000001c827       0x43 ./Core/Src/main.o
 .debug_macro   0x000000000001c86a     0x3897 ./Core/Src/main.o
 .debug_macro   0x0000000000020101      0x174 ./Core/Src/main.o
 .debug_macro   0x0000000000020275       0x5c ./Core/Src/main.o
 .debug_macro   0x00000000000202d1     0x155f ./Core/Src/main.o
 .debug_macro   0x0000000000021830      0x59e ./Core/Src/main.o
 .debug_macro   0x0000000000021dce      0x13d ./Core/Src/main.o
 .debug_macro   0x0000000000021f0b      0x18b ./Core/Src/main.o
 .debug_macro   0x0000000000022096      0x26b ./Core/Src/main.o
 .debug_macro   0x0000000000022301      0x23d ./Core/Src/main.o
 .debug_macro   0x000000000002253e      0xf83 ./Core/Src/main.o
 .debug_macro   0x00000000000234c1      0x632 ./Core/Src/main.o
 .debug_macro   0x0000000000023af3      0x30c ./Core/Src/main.o
 .debug_macro   0x0000000000023dff      0x241 ./Core/Src/main.o
 .debug_macro   0x0000000000024040      0x37c ./Core/Src/main.o
 .debug_macro   0x00000000000243bc       0xd6 ./Core/Src/main.o
 .debug_macro   0x0000000000024492      0x22c ./Core/Src/main.o
 .debug_macro   0x00000000000246be       0x61 ./Core/Src/main.o
 .debug_macro   0x000000000002471f       0xa5 ./Core/Src/main.o
 .debug_macro   0x00000000000247c4      0x122 ./Core/Src/main.o
 .debug_macro   0x00000000000248e6      0x3e9 ./Core/Src/main.o
 .debug_macro   0x0000000000024ccf      0x773 ./Core/Src/main.o
 .debug_macro   0x0000000000025442      0x1d5 ./Core/Src/main.o
 .debug_macro   0x0000000000025617      0x2fe ./Core/Src/main.o
 .debug_macro   0x0000000000025915      0x5ba ./Core/Src/main.o
 .debug_macro   0x0000000000025ecf       0x44 ./Core/Src/main.o
 .debug_macro   0x0000000000025f13      0x331 ./Core/Src/main.o
 .debug_macro   0x0000000000026244       0xa0 ./Core/Src/main.o
 .debug_macro   0x00000000000262e4       0x46 ./Core/Src/main.o
 .debug_macro   0x000000000002632a       0xe5 ./Core/Src/main.o
 .debug_macro   0x000000000002640f       0x18 ./Core/Src/main.o
 .debug_macro   0x0000000000026427       0x52 ./Core/Src/main.o
 .debug_macro   0x0000000000026479       0x3c ./Core/Src/main.o
 .debug_macro   0x00000000000264b5       0x34 ./Core/Src/main.o
 .debug_macro   0x00000000000264e9       0x16 ./Core/Src/main.o
 .debug_macro   0x00000000000264ff       0x35 ./Core/Src/main.o
 .debug_macro   0x0000000000026534       0x16 ./Core/Src/main.o
 .debug_macro   0x000000000002654a       0x43 ./Core/Src/main.o
 .debug_macro   0x000000000002658d       0x34 ./Core/Src/main.o
 .debug_macro   0x00000000000265c1       0x10 ./Core/Src/main.o
 .debug_macro   0x00000000000265d1       0x58 ./Core/Src/main.o
 .debug_macro   0x0000000000026629       0x71 ./Core/Src/main.o
 .debug_macro   0x000000000002669a       0x1c ./Core/Src/main.o
 .debug_macro   0x00000000000266b6      0x12a ./Core/Src/main.o
 .debug_macro   0x00000000000267e0      0x333 ./Core/Src/main.o
 .debug_macro   0x0000000000026b13       0x16 ./Core/Src/main.o
 .debug_macro   0x0000000000026b29       0x29 ./Core/Src/main.o
 .debug_macro   0x0000000000026b52       0x12 ./Core/Src/main.o
 .debug_macro   0x0000000000026b64       0xe2 ./Core/Src/main.o
 .debug_macro   0x0000000000026c46       0x8e ./Core/Src/main.o
 .debug_macro   0x0000000000026cd4      0x225 ./Core/Src/stm32l4xx_hal_msp.o
 .debug_macro   0x0000000000026ef9      0x22f ./Core/Src/stm32l4xx_it.o
 .debug_macro   0x0000000000027128      0x216 ./Core/Src/system_stm32l4xx.o
 .debug_macro   0x000000000002733e      0x264 ./Drivers/STM32L4xx_HAL_Driver/Src/stm32l4xx_hal.o
 .debug_macro   0x00000000000275a2      0x233 ./Drivers/STM32L4xx_HAL_Driver/Src/stm32l4xx_hal_adc.o
 .debug_macro   0x00000000000277d5      0x216 ./Drivers/STM32L4xx_HAL_Driver/Src/stm32l4xx_hal_cortex.o
 .debug_macro   0x00000000000279eb      0x255 ./Drivers/STM32L4xx_HAL_Driver/Src/stm32l4xx_hal_gpio.o
 .debug_macro   0x0000000000027c40      0x2db ./Drivers/STM32L4xx_HAL_Driver/Src/stm32l4xx_hal_i2c.o
 .debug_macro   0x0000000000027f1b      0x216 ./Drivers/STM32L4xx_HAL_Driver/Src/stm32l4xx_hal_i2c_ex.o
 .debug_macro   0x0000000000028131      0x23a ./Drivers/STM32L4xx_HAL_Driver/Src/stm32l4xx_hal_pwr_ex.o
 .debug_macro   0x000000000002836b      0x258 ./Drivers/STM32L4xx_HAL_Driver/Src/stm32l4xx_hal_rcc.o
 .debug_macro   0x00000000000285c3      0x24c ./Drivers/STM32L4xx_HAL_Driver/Src/stm32l4xx_hal_rcc_ex.o
 .debug_macro   0x000000000002880f      0x22c ./Drivers/STM32L4xx_HAL_Driver/Src/stm32l4xx_hal_sd.o
 .debug_macro   0x0000000000028a3b      0x21e ./Drivers/STM32L4xx_HAL_Driver/Src/stm32l4xx_hal_spi.o
 .debug_macro   0x0000000000028c59      0x241 ./Drivers/STM32L4xx_HAL_Driver/Src/stm32l4xx_hal_uart.o
 .debug_macro   0x0000000000028e9a      0x217 ./Drivers/STM32L4xx_HAL_Driver/Src/stm32l4xx_ll_sdmmc.o
 .debug_macro   0x00000000000290b1      0x353 ./FATFS/App/fatfs.o
 .debug_macro   0x0000000000029404      0x225 ./FATFS/Target/bsp_driver_sd.o
 .debug_macro   0x0000000000029629       0x40 ./FATFS/Target/bsp_driver_sd.o
 .debug_macro   0x0000000000029669      0x356 ./FATFS/Target/sd_diskio.o
 .debug_macro   0x00000000000299bf       0x16 ./FATFS/Target/sd_diskio.o
 .debug_macro   0x00000000000299d5       0x7c ./FATFS/Target/sd_diskio.o
 .debug_macro   0x0000000000029a51      0x340 ./Middlewares/Third_Party/FatFs/src/ff_gen_drv.o

.debug_line     0x0000000000000000    0x16d50
 .debug_line    0x0000000000000000      0xee1 ./Core/Src/main.o
 .debug_line    0x0000000000000ee1      0x934 ./Core/Src/stm32l4xx_hal_msp.o
 .debug_line    0x0000000000001815      0x849 ./Core/Src/stm32l4xx_it.o
 .debug_line    0x000000000000205e      0x81e ./Core/Src/system_stm32l4xx.o
 .debug_line    0x000000000000287c       0x87 ./Core/Startup/startup_stm32l476rgtx.o
 .debug_line    0x0000000000002903      0xb5e ./Drivers/STM32L4xx_HAL_Driver/Src/stm32l4xx_hal.o
 .debug_line    0x0000000000003461     0x1e9f ./Drivers/STM32L4xx_HAL_Driver/Src/stm32l4xx_hal_adc.o
 .debug_line    0x0000000000005300      0xd04 ./Drivers/STM32L4xx_HAL_Driver/Src/stm32l4xx_hal_cortex.o
 .debug_line    0x0000000000006004      0xbd7 ./Drivers/STM32L4xx_HAL_Driver/Src/stm32l4xx_hal_gpio.o
 .debug_line    0x0000000000006bdb     0x332e ./Drivers/STM32L4xx_HAL_Driver/Src/stm32l4xx_hal_i2c.o
 .debug_line    0x0000000000009f09      0x98b ./Drivers/STM32L4xx_HAL_Driver/Src/stm32l4xx_hal_i2c_ex.o
 .debug_line    0x000000000000a894      0xd19 ./Drivers/STM32L4xx_HAL_Driver/Src/stm32l4xx_hal_pwr_ex.o
 .debug_line    0x000000000000b5ad      0xfa1 ./Drivers/STM32L4xx_HAL_Driver/Src/stm32l4xx_hal_rcc.o
 .debug_line    0x000000000000c54e     0x1516 ./Drivers/STM32L4xx_HAL_Driver/Src/stm32l4xx_hal_rcc_ex.o
 .debug_line    0x000000000000da64     0x1eb9 ./Drivers/STM32L4xx_HAL_Driver/Src/stm32l4xx_hal_sd.o
 .debug_line    0x000000000000f91d     0x1f86 ./Drivers/STM32L4xx_HAL_Driver/Src/stm32l4xx_hal_spi.o
 .debug_line    0x00000000000118a3     0x1dee ./Drivers/STM32L4xx_HAL_Driver/Src/stm32l4xx_hal_uart.o
 .debug_line    0x0000000000013691      0xfe9 ./Drivers/STM32L4xx_HAL_Driver/Src/stm32l4xx_ll_sdmmc.o
 .debug_line    0x000000000001467a      0x96c ./FATFS/App/fatfs.o
 .debug_line    0x0000000000014fe6      0x91f ./FATFS/Target/bsp_driver_sd.o
 .debug_line    0x0000000000015905      0xa50 ./FATFS/Target/sd_diskio.o
 .debug_line    0x0000000000016355      0x9fb ./Middlewares/Third_Party/FatFs/src/ff_gen_drv.o

.debug_str      0x0000000000000000   0x1047ab
 .debug_str     0x0000000000000000    0xff940 ./Core/Src/main.o
                                     0x100170 (size before relaxing)
 .debug_str     0x00000000000ff940       0xeb ./Core/Src/stm32l4xx_hal_msp.o
                                      0xfbe58 (size before relaxing)
 .debug_str     0x00000000000ffa2b       0xd2 ./Core/Src/stm32l4xx_it.o
                                      0xfad82 (size before relaxing)
 .debug_str     0x00000000000ffafd       0xb8 ./Core/Src/system_stm32l4xx.o
                                      0xfac48 (size before relaxing)
 .debug_str     0x00000000000ffbb5       0x36 ./Core/Startup/startup_stm32l476rgtx.o
                                         0x78 (size before relaxing)
 .debug_str     0x00000000000ffbeb      0x600 ./Drivers/STM32L4xx_HAL_Driver/Src/stm32l4xx_hal.o
                                      0xfb7b3 (size before relaxing)
 .debug_str     0x00000000001001eb      0x9e3 ./Drivers/STM32L4xx_HAL_Driver/Src/stm32l4xx_hal_adc.o
                                      0xfb9b6 (size before relaxing)
 .debug_str     0x0000000000100bce      0x389 ./Drivers/STM32L4xx_HAL_Driver/Src/stm32l4xx_hal_cortex.o
                                      0xfb4b7 (size before relaxing)
 .debug_str     0x0000000000100f57      0x236 ./Drivers/STM32L4xx_HAL_Driver/Src/stm32l4xx_hal_gpio.o
                                      0xfaee2 (size before relaxing)
 .debug_str     0x000000000010118d      0xd39 ./Drivers/STM32L4xx_HAL_Driver/Src/stm32l4xx_hal_i2c.o
                                      0xfbd74 (size before relaxing)
 .debug_str     0x0000000000101ec6       0xb8 ./Drivers/STM32L4xx_HAL_Driver/Src/stm32l4xx_hal_i2c_ex.o
                                      0xfb16c (size before relaxing)
 .debug_str     0x0000000000101f7e      0x4a4 ./Drivers/STM32L4xx_HAL_Driver/Src/stm32l4xx_hal_pwr_ex.o
                                      0xfb17e (size before relaxing)
 .debug_str     0x0000000000102422      0x343 ./Drivers/STM32L4xx_HAL_Driver/Src/stm32l4xx_hal_rcc.o
                                      0xfb225 (size before relaxing)
 .debug_str     0x0000000000102765      0x3a6 ./Drivers/STM32L4xx_HAL_Driver/Src/stm32l4xx_hal_rcc_ex.o
                                      0xfb3b6 (size before relaxing)
 .debug_str     0x0000000000102b0b      0x73c ./Drivers/STM32L4xx_HAL_Driver/Src/stm32l4xx_hal_sd.o
                                      0xfb69e (size before relaxing)
 .debug_str     0x0000000000103247      0x571 ./Drivers/STM32L4xx_HAL_Driver/Src/stm32l4xx_hal_spi.o
                                      0xfb416 (size before relaxing)
 .debug_str     0x00000000001037b8      0x88b ./Drivers/STM32L4xx_HAL_Driver/Src/stm32l4xx_hal_uart.o
                                      0xfb8a7 (size before relaxing)
 .debug_str     0x0000000000104043      0x47a ./Drivers/STM32L4xx_HAL_Driver/Src/stm32l4xx_ll_sdmmc.o
                                      0xfb0b2 (size before relaxing)
 .debug_str     0x00000000001044bd       0x2f ./FATFS/App/fatfs.o
                                      0xfe855 (size before relaxing)
 .debug_str     0x00000000001044ec      0x154 ./FATFS/Target/bsp_driver_sd.o
                                      0xfb171 (size before relaxing)
 .debug_str     0x0000000000104640       0xa0 ./FATFS/Target/sd_diskio.o
                                      0xfe842 (size before relaxing)
 .debug_str     0x00000000001046e0       0xcb ./Middlewares/Third_Party/FatFs/src/ff_gen_drv.o
                                      0xfe7d2 (size before relaxing)

.comment        0x0000000000000000       0x53
 .comment       0x0000000000000000       0x53 ./Core/Src/main.o
                                         0x54 (size before relaxing)
 .comment       0x0000000000000053       0x54 ./Core/Src/stm32l4xx_hal_msp.o
 .comment       0x0000000000000053       0x54 ./Core/Src/stm32l4xx_it.o
 .comment       0x0000000000000053       0x54 ./Core/Src/system_stm32l4xx.o
 .comment       0x0000000000000053       0x54 ./Drivers/STM32L4xx_HAL_Driver/Src/stm32l4xx_hal.o
 .comment       0x0000000000000053       0x54 ./Drivers/STM32L4xx_HAL_Driver/Src/stm32l4xx_hal_adc.o
 .comment       0x0000000000000053       0x54 ./Drivers/STM32L4xx_HAL_Driver/Src/stm32l4xx_hal_cortex.o
 .comment       0x0000000000000053       0x54 ./Drivers/STM32L4xx_HAL_Driver/Src/stm32l4xx_hal_gpio.o
 .comment       0x0000000000000053       0x54 ./Drivers/STM32L4xx_HAL_Driver/Src/stm32l4xx_hal_i2c.o
 .comment       0x0000000000000053       0x54 ./Drivers/STM32L4xx_HAL_Driver/Src/stm32l4xx_hal_i2c_ex.o
 .comment       0x0000000000000053       0x54 ./Drivers/STM32L4xx_HAL_Driver/Src/stm32l4xx_hal_pwr_ex.o
 .comment       0x0000000000000053       0x54 ./Drivers/STM32L4xx_HAL_Driver/Src/stm32l4xx_hal_rcc.o
 .comment       0x0000000000000053       0x54 ./Drivers/STM32L4xx_HAL_Driver/Src/stm32l4xx_hal_rcc_ex.o
 .comment       0x0000000000000053       0x54 ./Drivers/STM32L4xx_HAL_Driver/Src/stm32l4xx_hal_sd.o
 .comment       0x0000000000000053       0x54 ./Drivers/STM32L4xx_HAL_Driver/Src/stm32l4xx_hal_spi.o
 .comment       0x0000000000000053       0x54 ./Drivers/STM32L4xx_HAL_Driver/Src/stm32l4xx_hal_uart.o
 .comment       0x0000000000000053       0x54 ./Drivers/STM32L4xx_HAL_Driver/Src/stm32l4xx_ll_sdmmc.o
 .comment       0x0000000000000053       0x54 ./FATFS/App/fatfs.o
 .comment       0x0000000000000053       0x54 ./FATFS/Target/bsp_driver_sd.o
 .comment       0x0000000000000053       0x54 ./FATFS/Target/sd_diskio.o
 .comment       0x0000000000000053       0x54 ./Middlewares/Third_Party/FatFs/src/ff_gen_drv.o

.debug_frame    0x0000000000000000     0x55a8
 .debug_frame   0x0000000000000000      0x2a8 ./Core/Src/main.o
 .debug_frame   0x00000000000002a8      0x1a8 ./Core/Src/stm32l4xx_hal_msp.o
 .debug_frame   0x0000000000000450      0x120 ./Core/Src/stm32l4xx_it.o
 .debug_frame   0x0000000000000570       0x58 ./Core/Src/system_stm32l4xx.o
 .debug_frame   0x00000000000005c8      0x498 ./Drivers/STM32L4xx_HAL_Driver/Src/stm32l4xx_hal.o
 .debug_frame   0x0000000000000a60      0xa04 ./Drivers/STM32L4xx_HAL_Driver/Src/stm32l4xx_hal_adc.o
 .debug_frame   0x0000000000001464      0x498 ./Drivers/STM32L4xx_HAL_Driver/Src/stm32l4xx_hal_cortex.o
 .debug_frame   0x00000000000018fc      0x14c ./Drivers/STM32L4xx_HAL_Driver/Src/stm32l4xx_hal_gpio.o
 .debug_frame   0x0000000000001a48      0xbe8 ./Drivers/STM32L4xx_HAL_Driver/Src/stm32l4xx_hal_i2c.o
 .debug_frame   0x0000000000002630      0x100 ./Drivers/STM32L4xx_HAL_Driver/Src/stm32l4xx_hal_i2c_ex.o
 .debug_frame   0x0000000000002730      0x544 ./Drivers/STM32L4xx_HAL_Driver/Src/stm32l4xx_hal_pwr_ex.o
 .debug_frame   0x0000000000002c74      0x1f4 ./Drivers/STM32L4xx_HAL_Driver/Src/stm32l4xx_hal_rcc.o
 .debug_frame   0x0000000000002e68      0x2fc ./Drivers/STM32L4xx_HAL_Driver/Src/stm32l4xx_hal_rcc_ex.o
 .debug_frame   0x0000000000003164      0x650 ./Drivers/STM32L4xx_HAL_Driver/Src/stm32l4xx_hal_sd.o
 .debug_frame   0x00000000000037b4      0x860 ./Drivers/STM32L4xx_HAL_Driver/Src/stm32l4xx_hal_spi.o
 .debug_frame   0x0000000000004014      0x9e4 ./Drivers/STM32L4xx_HAL_Driver/Src/stm32l4xx_hal_uart.o
 .debug_frame   0x00000000000049f8      0x6cc ./Drivers/STM32L4xx_HAL_Driver/Src/stm32l4xx_ll_sdmmc.o
 .debug_frame   0x00000000000050c4       0x4c ./FATFS/App/fatfs.o
 .debug_frame   0x0000000000005110      0x23c ./FATFS/Target/bsp_driver_sd.o
 .debug_frame   0x000000000000534c       0xe8 ./FATFS/Target/sd_diskio.o
 .debug_frame   0x0000000000005434       0xc8 ./Middlewares/Third_Party/FatFs/src/ff_gen_drv.o
 .debug_frame   0x00000000000054fc       0x2c c:/st/stm32cubeide_1.7.0/stm32cubeide/plugins/com.st.stm32cube.ide.mcu.externaltools.gnu-tools-for-stm32.9-2020-q2-update.win32_2.0.0.202105311346/tools/bin/../lib/gcc/arm-none-eabi/9.3.1/../../../../arm-none-eabi/lib/thumb/v7e-m+fp/hard\libc_nano.a(lib_a-init.o)
 .debug_frame   0x0000000000005528       0x20 c:/st/stm32cubeide_1.7.0/stm32cubeide/plugins/com.st.stm32cube.ide.mcu.externaltools.gnu-tools-for-stm32.9-2020-q2-update.win32_2.0.0.202105311346/tools/bin/../lib/gcc/arm-none-eabi/9.3.1/../../../../arm-none-eabi/lib/thumb/v7e-m+fp/hard\libc_nano.a(lib_a-memset.o)
 .debug_frame   0x0000000000005548       0x2c c:/st/stm32cubeide_1.7.0/stm32cubeide/plugins/com.st.stm32cube.ide.mcu.externaltools.gnu-tools-for-stm32.9-2020-q2-update.win32_2.0.0.202105311346/tools/bin/../lib/gcc/arm-none-eabi/9.3.1/thumb/v7e-m+fp/hard\libgcc.a(_aeabi_uldivmod.o)
 .debug_frame   0x0000000000005574       0x34 c:/st/stm32cubeide_1.7.0/stm32cubeide/plugins/com.st.stm32cube.ide.mcu.externaltools.gnu-tools-for-stm32.9-2020-q2-update.win32_2.0.0.202105311346/tools/bin/../lib/gcc/arm-none-eabi/9.3.1/thumb/v7e-m+fp/hard\libgcc.a(_udivmoddi4.o)
